[0.121s] DEBUG:colcon:Command line arguments: ['/usr/bin/colcon', 'build']
[0.121s] DEBUG:colcon:Parsed command line arguments: Namespace(log_base=None, log_level=None, verb_name='build', build_base='build', install_base='install', merge_install=False, symlink_install=False, test_result_base=None, continue_on_error=False, executor='parallel', parallel_workers=12, event_handlers=None, ignore_user_meta=False, metas=['./colcon.meta'], base_paths=['.'], packages_ignore=None, packages_ignore_regex=None, paths=None, packages_up_to=None, packages_up_to_regex=None, packages_above=None, packages_above_and_dependencies=None, packages_above_depth=None, packages_select_by_dep=None, packages_skip_by_dep=None, packages_skip_up_to=None, packages_select_build_failed=False, packages_skip_build_finished=False, packages_select_test_failures=False, packages_skip_test_passed=False, packages_select=None, packages_skip=None, packages_select_regex=None, packages_skip_regex=None, packages_start=None, packages_end=None, allow_overriding=[], cmake_args=None, cmake_target=None, cmake_target_skip_unavailable=False, cmake_clean_cache=False, cmake_clean_first=False, cmake_force_configure=False, ament_cmake_args=None, catkin_cmake_args=None, catkin_skip_building_tests=False, mixin_files=None, mixin=None, verb_parser=<colcon_mixin.mixin.mixin_argument.MixinArgumentDecorator object at 0x71425255b3d0>, verb_extension=<colcon_core.verb.build.BuildVerb object at 0x71425255aa40>, main=<bound method BuildVerb.main of <colcon_core.verb.build.BuildVerb object at 0x71425255aa40>>, mixin_verb=('build',))
[0.313s] Level 1:colcon.colcon_core.package_discovery:discover_packages(colcon_meta) check parameters
[0.313s] Level 1:colcon.colcon_core.package_discovery:discover_packages(recursive) check parameters
[0.313s] Level 1:colcon.colcon_core.package_discovery:discover_packages(ignore) check parameters
[0.313s] Level 1:colcon.colcon_core.package_discovery:discover_packages(path) check parameters
[0.313s] Level 1:colcon.colcon_core.package_discovery:discover_packages(colcon_meta) discover
[0.313s] Level 1:colcon.colcon_core.package_discovery:discover_packages(recursive) discover
[0.313s] INFO:colcon.colcon_core.package_discovery:Crawling recursively for packages in '/home/itzelh/puzzlebot_JuanMa_ws'
[0.313s] Level 1:colcon.colcon_core.package_identification:_identify(.) by extensions ['ignore', 'ignore_ament_install']
[0.313s] Level 1:colcon.colcon_core.package_identification:_identify(.) by extension 'ignore'
[0.314s] Level 1:colcon.colcon_core.package_identification:_identify(.) by extension 'ignore_ament_install'
[0.314s] Level 1:colcon.colcon_core.package_identification:_identify(.) by extensions ['colcon_pkg']
[0.314s] Level 1:colcon.colcon_core.package_identification:_identify(.) by extension 'colcon_pkg'
[0.314s] Level 1:colcon.colcon_core.package_identification:_identify(.) by extensions ['colcon_meta']
[0.314s] Level 1:colcon.colcon_core.package_identification:_identify(.) by extension 'colcon_meta'
[0.314s] Level 1:colcon.colcon_core.package_identification:_identify(.) by extensions ['ros']
[0.314s] Level 1:colcon.colcon_core.package_identification:_identify(.) by extension 'ros'
[0.323s] Level 1:colcon.colcon_core.package_identification:_identify(.) by extensions ['cmake', 'python']
[0.323s] Level 1:colcon.colcon_core.package_identification:_identify(.) by extension 'cmake'
[0.323s] Level 1:colcon.colcon_core.package_identification:_identify(.) by extension 'python'
[0.323s] Level 1:colcon.colcon_core.package_identification:_identify(.) by extensions ['python_setup_py']
[0.323s] Level 1:colcon.colcon_core.package_identification:_identify(.) by extension 'python_setup_py'
[0.324s] Level 1:colcon.colcon_core.package_identification:_identify(build) by extensions ['ignore', 'ignore_ament_install']
[0.324s] Level 1:colcon.colcon_core.package_identification:_identify(build) by extension 'ignore'
[0.324s] Level 1:colcon.colcon_core.package_identification:_identify(build) ignored
[0.324s] Level 1:colcon.colcon_core.package_identification:_identify(install) by extensions ['ignore', 'ignore_ament_install']
[0.324s] Level 1:colcon.colcon_core.package_identification:_identify(install) by extension 'ignore'
[0.324s] Level 1:colcon.colcon_core.package_identification:_identify(install) ignored
[0.324s] Level 1:colcon.colcon_core.package_identification:_identify(log) by extensions ['ignore', 'ignore_ament_install']
[0.324s] Level 1:colcon.colcon_core.package_identification:_identify(log) by extension 'ignore'
[0.324s] Level 1:colcon.colcon_core.package_identification:_identify(log) ignored
[0.324s] Level 1:colcon.colcon_core.package_identification:_identify(src) by extensions ['ignore', 'ignore_ament_install']
[0.324s] Level 1:colcon.colcon_core.package_identification:_identify(src) by extension 'ignore'
[0.324s] Level 1:colcon.colcon_core.package_identification:_identify(src) by extension 'ignore_ament_install'
[0.324s] Level 1:colcon.colcon_core.package_identification:_identify(src) by extensions ['colcon_pkg']
[0.324s] Level 1:colcon.colcon_core.package_identification:_identify(src) by extension 'colcon_pkg'
[0.324s] Level 1:colcon.colcon_core.package_identification:_identify(src) by extensions ['colcon_meta']
[0.324s] Level 1:colcon.colcon_core.package_identification:_identify(src) by extension 'colcon_meta'
[0.324s] Level 1:colcon.colcon_core.package_identification:_identify(src) by extensions ['ros']
[0.324s] Level 1:colcon.colcon_core.package_identification:_identify(src) by extension 'ros'
[0.324s] Level 1:colcon.colcon_core.package_identification:_identify(src) by extensions ['cmake', 'python']
[0.324s] Level 1:colcon.colcon_core.package_identification:_identify(src) by extension 'cmake'
[0.324s] Level 1:colcon.colcon_core.package_identification:_identify(src) by extension 'python'
[0.324s] Level 1:colcon.colcon_core.package_identification:_identify(src) by extensions ['python_setup_py']
[0.324s] Level 1:colcon.colcon_core.package_identification:_identify(src) by extension 'python_setup_py'
[0.324s] Level 1:colcon.colcon_core.package_identification:_identify(src/puzzlebot_description) by extensions ['ignore', 'ignore_ament_install']
[0.325s] Level 1:colcon.colcon_core.package_identification:_identify(src/puzzlebot_description) by extension 'ignore'
[0.325s] Level 1:colcon.colcon_core.package_identification:_identify(src/puzzlebot_description) by extension 'ignore_ament_install'
[0.325s] Level 1:colcon.colcon_core.package_identification:_identify(src/puzzlebot_description) by extensions ['colcon_pkg']
[0.325s] Level 1:colcon.colcon_core.package_identification:_identify(src/puzzlebot_description) by extension 'colcon_pkg'
[0.325s] Level 1:colcon.colcon_core.package_identification:_identify(src/puzzlebot_description) by extensions ['colcon_meta']
[0.325s] Level 1:colcon.colcon_core.package_identification:_identify(src/puzzlebot_description) by extension 'colcon_meta'
[0.325s] Level 1:colcon.colcon_core.package_identification:_identify(src/puzzlebot_description) by extensions ['ros']
[0.325s] Level 1:colcon.colcon_core.package_identification:_identify(src/puzzlebot_description) by extension 'ros'
[0.327s] DEBUG:colcon.colcon_core.package_identification:Package 'src/puzzlebot_description' with type 'ros.ament_cmake' and name 'puzzlebot_description'
[0.327s] Level 1:colcon.colcon_core.package_identification:_identify(src/puzzlebot_gazebo) by extensions ['ignore', 'ignore_ament_install']
[0.327s] Level 1:colcon.colcon_core.package_identification:_identify(src/puzzlebot_gazebo) by extension 'ignore'
[0.327s] Level 1:colcon.colcon_core.package_identification:_identify(src/puzzlebot_gazebo) by extension 'ignore_ament_install'
[0.328s] Level 1:colcon.colcon_core.package_identification:_identify(src/puzzlebot_gazebo) by extensions ['colcon_pkg']
[0.328s] Level 1:colcon.colcon_core.package_identification:_identify(src/puzzlebot_gazebo) by extension 'colcon_pkg'
[0.328s] Level 1:colcon.colcon_core.package_identification:_identify(src/puzzlebot_gazebo) by extensions ['colcon_meta']
[0.328s] Level 1:colcon.colcon_core.package_identification:_identify(src/puzzlebot_gazebo) by extension 'colcon_meta'
[0.328s] Level 1:colcon.colcon_core.package_identification:_identify(src/puzzlebot_gazebo) by extensions ['ros']
[0.328s] Level 1:colcon.colcon_core.package_identification:_identify(src/puzzlebot_gazebo) by extension 'ros'
[0.328s] DEBUG:colcon.colcon_core.package_identification:Package 'src/puzzlebot_gazebo' with type 'ros.ament_cmake' and name 'puzzlebot_gazebo'
[0.328s] Level 1:colcon.colcon_core.package_identification:_identify(src/puzzlebot_navigation2) by extensions ['ignore', 'ignore_ament_install']
[0.328s] Level 1:colcon.colcon_core.package_identification:_identify(src/puzzlebot_navigation2) by extension 'ignore'
[0.328s] Level 1:colcon.colcon_core.package_identification:_identify(src/puzzlebot_navigation2) by extension 'ignore_ament_install'
[0.328s] Level 1:colcon.colcon_core.package_identification:_identify(src/puzzlebot_navigation2) by extensions ['colcon_pkg']
[0.328s] Level 1:colcon.colcon_core.package_identification:_identify(src/puzzlebot_navigation2) by extension 'colcon_pkg'
[0.328s] Level 1:colcon.colcon_core.package_identification:_identify(src/puzzlebot_navigation2) by extensions ['colcon_meta']
[0.328s] Level 1:colcon.colcon_core.package_identification:_identify(src/puzzlebot_navigation2) by extension 'colcon_meta'
[0.328s] Level 1:colcon.colcon_core.package_identification:_identify(src/puzzlebot_navigation2) by extensions ['ros']
[0.328s] Level 1:colcon.colcon_core.package_identification:_identify(src/puzzlebot_navigation2) by extension 'ros'
[0.330s] DEBUG:colcon.colcon_core.package_identification:Package 'src/puzzlebot_navigation2' with type 'ros.ament_cmake' and name 'puzzlebot_navigation2'
[0.330s] Level 1:colcon.colcon_core.package_identification:_identify(src/puzzlebot_real_robot) by extensions ['ignore', 'ignore_ament_install']
[0.330s] Level 1:colcon.colcon_core.package_identification:_identify(src/puzzlebot_real_robot) by extension 'ignore'
[0.330s] Level 1:colcon.colcon_core.package_identification:_identify(src/puzzlebot_real_robot) by extension 'ignore_ament_install'
[0.330s] Level 1:colcon.colcon_core.package_identification:_identify(src/puzzlebot_real_robot) by extensions ['colcon_pkg']
[0.330s] Level 1:colcon.colcon_core.package_identification:_identify(src/puzzlebot_real_robot) by extension 'colcon_pkg'
[0.330s] Level 1:colcon.colcon_core.package_identification:_identify(src/puzzlebot_real_robot) by extensions ['colcon_meta']
[0.330s] Level 1:colcon.colcon_core.package_identification:_identify(src/puzzlebot_real_robot) by extension 'colcon_meta'
[0.330s] Level 1:colcon.colcon_core.package_identification:_identify(src/puzzlebot_real_robot) by extensions ['ros']
[0.330s] Level 1:colcon.colcon_core.package_identification:_identify(src/puzzlebot_real_robot) by extension 'ros'
[0.331s] DEBUG:colcon.colcon_core.package_identification:Package 'src/puzzlebot_real_robot' with type 'ros.ament_python' and name 'puzzlebot_real_robot'
[0.331s] Level 1:colcon.colcon_core.package_discovery:discover_packages(recursive) using defaults
[0.331s] Level 1:colcon.colcon_core.package_discovery:discover_packages(ignore) discover
[0.331s] Level 1:colcon.colcon_core.package_discovery:discover_packages(ignore) using defaults
[0.331s] Level 1:colcon.colcon_core.package_discovery:discover_packages(path) discover
[0.331s] Level 1:colcon.colcon_core.package_discovery:discover_packages(path) using defaults
[0.360s] Level 1:colcon.colcon_core.package_discovery:discover_packages(prefix_path) check parameters
[0.360s] Level 1:colcon.colcon_core.package_discovery:discover_packages(prefix_path) discover
[0.363s] DEBUG:colcon.colcon_installed_package_information.package_discovery:Found 5 installed packages in /home/itzelh/puzzlebot_JuanMa_ws/install
[0.363s] DEBUG:colcon.colcon_installed_package_information.package_discovery:Found 2 installed packages in /home/itzelh/ros2_ws/install
[0.364s] DEBUG:colcon.colcon_installed_package_information.package_discovery:Found 471 installed packages in /opt/ros/humble
[0.366s] Level 1:colcon.colcon_core.package_discovery:discover_packages(prefix_path) using defaults
[0.411s] Level 5:colcon.colcon_core.verb:set package 'puzzlebot_description' build argument 'cmake_args' from command line to 'None'
[0.411s] Level 5:colcon.colcon_core.verb:set package 'puzzlebot_description' build argument 'cmake_target' from command line to 'None'
[0.411s] Level 5:colcon.colcon_core.verb:set package 'puzzlebot_description' build argument 'cmake_target_skip_unavailable' from command line to 'False'
[0.411s] Level 5:colcon.colcon_core.verb:set package 'puzzlebot_description' build argument 'cmake_clean_cache' from command line to 'False'
[0.411s] Level 5:colcon.colcon_core.verb:set package 'puzzlebot_description' build argument 'cmake_clean_first' from command line to 'False'
[0.411s] Level 5:colcon.colcon_core.verb:set package 'puzzlebot_description' build argument 'cmake_force_configure' from command line to 'False'
[0.411s] Level 5:colcon.colcon_core.verb:set package 'puzzlebot_description' build argument 'ament_cmake_args' from command line to 'None'
[0.411s] Level 5:colcon.colcon_core.verb:set package 'puzzlebot_description' build argument 'catkin_cmake_args' from command line to 'None'
[0.411s] Level 5:colcon.colcon_core.verb:set package 'puzzlebot_description' build argument 'catkin_skip_building_tests' from command line to 'False'
[0.411s] DEBUG:colcon.colcon_core.verb:Building package 'puzzlebot_description' with the following arguments: {'ament_cmake_args': None, 'build_base': '/home/itzelh/puzzlebot_JuanMa_ws/build/puzzlebot_description', 'catkin_cmake_args': None, 'catkin_skip_building_tests': False, 'cmake_args': None, 'cmake_clean_cache': False, 'cmake_clean_first': False, 'cmake_force_configure': False, 'cmake_target': None, 'cmake_target_skip_unavailable': False, 'install_base': '/home/itzelh/puzzlebot_JuanMa_ws/install/puzzlebot_description', 'merge_install': False, 'path': '/home/itzelh/puzzlebot_JuanMa_ws/src/puzzlebot_description', 'symlink_install': False, 'test_result_base': None}
[0.411s] Level 5:colcon.colcon_core.verb:set package 'puzzlebot_real_robot' build argument 'cmake_args' from command line to 'None'
[0.411s] Level 5:colcon.colcon_core.verb:set package 'puzzlebot_real_robot' build argument 'cmake_target' from command line to 'None'
[0.411s] Level 5:colcon.colcon_core.verb:set package 'puzzlebot_real_robot' build argument 'cmake_target_skip_unavailable' from command line to 'False'
[0.411s] Level 5:colcon.colcon_core.verb:set package 'puzzlebot_real_robot' build argument 'cmake_clean_cache' from command line to 'False'
[0.411s] Level 5:colcon.colcon_core.verb:set package 'puzzlebot_real_robot' build argument 'cmake_clean_first' from command line to 'False'
[0.411s] Level 5:colcon.colcon_core.verb:set package 'puzzlebot_real_robot' build argument 'cmake_force_configure' from command line to 'False'
[0.411s] Level 5:colcon.colcon_core.verb:set package 'puzzlebot_real_robot' build argument 'ament_cmake_args' from command line to 'None'
[0.411s] Level 5:colcon.colcon_core.verb:set package 'puzzlebot_real_robot' build argument 'catkin_cmake_args' from command line to 'None'
[0.411s] Level 5:colcon.colcon_core.verb:set package 'puzzlebot_real_robot' build argument 'catkin_skip_building_tests' from command line to 'False'
[0.411s] DEBUG:colcon.colcon_core.verb:Building package 'puzzlebot_real_robot' with the following arguments: {'ament_cmake_args': None, 'build_base': '/home/itzelh/puzzlebot_JuanMa_ws/build/puzzlebot_real_robot', 'catkin_cmake_args': None, 'catkin_skip_building_tests': False, 'cmake_args': None, 'cmake_clean_cache': False, 'cmake_clean_first': False, 'cmake_force_configure': False, 'cmake_target': None, 'cmake_target_skip_unavailable': False, 'install_base': '/home/itzelh/puzzlebot_JuanMa_ws/install/puzzlebot_real_robot', 'merge_install': False, 'path': '/home/itzelh/puzzlebot_JuanMa_ws/src/puzzlebot_real_robot', 'symlink_install': False, 'test_result_base': None}
[0.411s] Level 5:colcon.colcon_core.verb:set package 'puzzlebot_gazebo' build argument 'cmake_args' from command line to 'None'
[0.411s] Level 5:colcon.colcon_core.verb:set package 'puzzlebot_gazebo' build argument 'cmake_target' from command line to 'None'
[0.411s] Level 5:colcon.colcon_core.verb:set package 'puzzlebot_gazebo' build argument 'cmake_target_skip_unavailable' from command line to 'False'
[0.411s] Level 5:colcon.colcon_core.verb:set package 'puzzlebot_gazebo' build argument 'cmake_clean_cache' from command line to 'False'
[0.412s] Level 5:colcon.colcon_core.verb:set package 'puzzlebot_gazebo' build argument 'cmake_clean_first' from command line to 'False'
[0.412s] Level 5:colcon.colcon_core.verb:set package 'puzzlebot_gazebo' build argument 'cmake_force_configure' from command line to 'False'
[0.412s] Level 5:colcon.colcon_core.verb:set package 'puzzlebot_gazebo' build argument 'ament_cmake_args' from command line to 'None'
[0.412s] Level 5:colcon.colcon_core.verb:set package 'puzzlebot_gazebo' build argument 'catkin_cmake_args' from command line to 'None'
[0.412s] Level 5:colcon.colcon_core.verb:set package 'puzzlebot_gazebo' build argument 'catkin_skip_building_tests' from command line to 'False'
[0.412s] DEBUG:colcon.colcon_core.verb:Building package 'puzzlebot_gazebo' with the following arguments: {'ament_cmake_args': None, 'build_base': '/home/itzelh/puzzlebot_JuanMa_ws/build/puzzlebot_gazebo', 'catkin_cmake_args': None, 'catkin_skip_building_tests': False, 'cmake_args': None, 'cmake_clean_cache': False, 'cmake_clean_first': False, 'cmake_force_configure': False, 'cmake_target': None, 'cmake_target_skip_unavailable': False, 'install_base': '/home/itzelh/puzzlebot_JuanMa_ws/install/puzzlebot_gazebo', 'merge_install': False, 'path': '/home/itzelh/puzzlebot_JuanMa_ws/src/puzzlebot_gazebo', 'symlink_install': False, 'test_result_base': None}
[0.412s] Level 5:colcon.colcon_core.verb:set package 'puzzlebot_navigation2' build argument 'cmake_args' from command line to 'None'
[0.412s] Level 5:colcon.colcon_core.verb:set package 'puzzlebot_navigation2' build argument 'cmake_target' from command line to 'None'
[0.412s] Level 5:colcon.colcon_core.verb:set package 'puzzlebot_navigation2' build argument 'cmake_target_skip_unavailable' from command line to 'False'
[0.412s] Level 5:colcon.colcon_core.verb:set package 'puzzlebot_navigation2' build argument 'cmake_clean_cache' from command line to 'False'
[0.412s] Level 5:colcon.colcon_core.verb:set package 'puzzlebot_navigation2' build argument 'cmake_clean_first' from command line to 'False'
[0.412s] Level 5:colcon.colcon_core.verb:set package 'puzzlebot_navigation2' build argument 'cmake_force_configure' from command line to 'False'
[0.412s] Level 5:colcon.colcon_core.verb:set package 'puzzlebot_navigation2' build argument 'ament_cmake_args' from command line to 'None'
[0.412s] Level 5:colcon.colcon_core.verb:set package 'puzzlebot_navigation2' build argument 'catkin_cmake_args' from command line to 'None'
[0.412s] Level 5:colcon.colcon_core.verb:set package 'puzzlebot_navigation2' build argument 'catkin_skip_building_tests' from command line to 'False'
[0.412s] DEBUG:colcon.colcon_core.verb:Building package 'puzzlebot_navigation2' with the following arguments: {'ament_cmake_args': None, 'build_base': '/home/itzelh/puzzlebot_JuanMa_ws/build/puzzlebot_navigation2', 'catkin_cmake_args': None, 'catkin_skip_building_tests': False, 'cmake_args': None, 'cmake_clean_cache': False, 'cmake_clean_first': False, 'cmake_force_configure': False, 'cmake_target': None, 'cmake_target_skip_unavailable': False, 'install_base': '/home/itzelh/puzzlebot_JuanMa_ws/install/puzzlebot_navigation2', 'merge_install': False, 'path': '/home/itzelh/puzzlebot_JuanMa_ws/src/puzzlebot_navigation2', 'symlink_install': False, 'test_result_base': None}
[0.412s] INFO:colcon.colcon_core.executor:Executing jobs using 'parallel' executor
[0.413s] DEBUG:colcon.colcon_parallel_executor.executor.parallel:run_until_complete
[0.413s] INFO:colcon.colcon_ros.task.ament_cmake.build:Building ROS package in '/home/itzelh/puzzlebot_JuanMa_ws/src/puzzlebot_description' with build type 'ament_cmake'
[0.413s] INFO:colcon.colcon_cmake.task.cmake.build:Building CMake package in '/home/itzelh/puzzlebot_JuanMa_ws/src/puzzlebot_description'
[0.417s] INFO:colcon.colcon_core.plugin_system:Skipping extension 'colcon_core.shell.bat': Not used on non-Windows systems
[0.417s] INFO:colcon.colcon_core.shell:Skip shell extension 'powershell' for command environment: Not usable outside of PowerShell
[0.417s] DEBUG:colcon.colcon_core.shell:Skip shell extension 'dsv' for command environment
[0.421s] INFO:colcon.colcon_ros.task.ament_python.build:Building ROS package in '/home/itzelh/puzzlebot_JuanMa_ws/src/puzzlebot_real_robot' with build type 'ament_python'
[0.421s] Level 1:colcon.colcon_core.shell:create_environment_hook('puzzlebot_real_robot', 'ament_prefix_path')
[0.421s] INFO:colcon.colcon_core.shell:Creating environment hook '/home/itzelh/puzzlebot_JuanMa_ws/install/puzzlebot_real_robot/share/puzzlebot_real_robot/hook/ament_prefix_path.ps1'
[0.422s] INFO:colcon.colcon_core.shell:Creating environment descriptor '/home/itzelh/puzzlebot_JuanMa_ws/install/puzzlebot_real_robot/share/puzzlebot_real_robot/hook/ament_prefix_path.dsv'
[0.422s] INFO:colcon.colcon_core.shell:Creating environment hook '/home/itzelh/puzzlebot_JuanMa_ws/install/puzzlebot_real_robot/share/puzzlebot_real_robot/hook/ament_prefix_path.sh'
[0.423s] INFO:colcon.colcon_core.shell:Skip shell extension 'powershell' for command environment: Not usable outside of PowerShell
[0.423s] DEBUG:colcon.colcon_core.shell:Skip shell extension 'dsv' for command environment
[0.433s] DEBUG:colcon.colcon_core.event_handler.log_command:Invoking command in '/home/itzelh/puzzlebot_JuanMa_ws/build/puzzlebot_description': CMAKE_PREFIX_PATH=${CMAKE_PREFIX_PATH}:/home/itzelh/puzzlebot_JuanMa_ws/install/puzzlebot_real_robot:/home/itzelh/ros2_ws/install/mobile_robotics:/opt/ros/humble /usr/bin/cmake --build /home/itzelh/puzzlebot_JuanMa_ws/build/puzzlebot_description -- -j12 -l12
[0.664s] INFO:colcon.colcon_core.task.python.build:Building Python package in '/home/itzelh/puzzlebot_JuanMa_ws/src/puzzlebot_real_robot'
[0.665s] INFO:colcon.colcon_core.shell:Skip shell extension 'powershell' for command environment: Not usable outside of PowerShell
[0.665s] DEBUG:colcon.colcon_core.shell:Skip shell extension 'dsv' for command environment
[0.670s] DEBUG:colcon.colcon_core.event_handler.log_command:Invoked command in '/home/itzelh/puzzlebot_JuanMa_ws/build/puzzlebot_description' returned '0': CMAKE_PREFIX_PATH=${CMAKE_PREFIX_PATH}:/home/itzelh/puzzlebot_JuanMa_ws/install/puzzlebot_real_robot:/home/itzelh/ros2_ws/install/mobile_robotics:/opt/ros/humble /usr/bin/cmake --build /home/itzelh/puzzlebot_JuanMa_ws/build/puzzlebot_description -- -j12 -l12
[0.679s] DEBUG:colcon.colcon_core.event_handler.log_command:Invoking command in '/home/itzelh/puzzlebot_JuanMa_ws/build/puzzlebot_description': CMAKE_PREFIX_PATH=${CMAKE_PREFIX_PATH}:/home/itzelh/puzzlebot_JuanMa_ws/install/puzzlebot_real_robot:/home/itzelh/ros2_ws/install/mobile_robotics:/opt/ros/humble /usr/bin/cmake --install /home/itzelh/puzzlebot_JuanMa_ws/build/puzzlebot_description
[0.689s] Level 1:colcon.colcon_core.environment:create_environment_scripts_only(puzzlebot_description)
[0.690s] DEBUG:colcon.colcon_core.event_handler.log_command:Invoked command in '/home/itzelh/puzzlebot_JuanMa_ws/build/puzzlebot_description' returned '0': CMAKE_PREFIX_PATH=${CMAKE_PREFIX_PATH}:/home/itzelh/puzzlebot_JuanMa_ws/install/puzzlebot_real_robot:/home/itzelh/ros2_ws/install/mobile_robotics:/opt/ros/humble /usr/bin/cmake --install /home/itzelh/puzzlebot_JuanMa_ws/build/puzzlebot_description
[0.693s] Level 1:colcon.colcon_core.environment:checking '/home/itzelh/puzzlebot_JuanMa_ws/install/puzzlebot_description' for CMake module files
[0.694s] Level 1:colcon.colcon_core.environment:checking '/home/itzelh/puzzlebot_JuanMa_ws/install/puzzlebot_description' for CMake config files
[0.694s] Level 1:colcon.colcon_core.shell:create_environment_hook('puzzlebot_description', 'cmake_prefix_path')
[0.694s] INFO:colcon.colcon_core.shell:Creating environment hook '/home/itzelh/puzzlebot_JuanMa_ws/install/puzzlebot_description/share/puzzlebot_description/hook/cmake_prefix_path.ps1'
[0.695s] INFO:colcon.colcon_core.shell:Creating environment descriptor '/home/itzelh/puzzlebot_JuanMa_ws/install/puzzlebot_description/share/puzzlebot_description/hook/cmake_prefix_path.dsv'
[0.695s] INFO:colcon.colcon_core.shell:Creating environment hook '/home/itzelh/puzzlebot_JuanMa_ws/install/puzzlebot_description/share/puzzlebot_description/hook/cmake_prefix_path.sh'
[0.696s] Level 1:colcon.colcon_core.environment:checking '/home/itzelh/puzzlebot_JuanMa_ws/install/puzzlebot_description/bin'
[0.696s] Level 1:colcon.colcon_core.environment:checking '/home/itzelh/puzzlebot_JuanMa_ws/install/puzzlebot_description/lib/pkgconfig/puzzlebot_description.pc'
[0.696s] Level 1:colcon.colcon_core.environment:checking '/home/itzelh/puzzlebot_JuanMa_ws/install/puzzlebot_description/lib/python3.10/site-packages'
[0.696s] Level 1:colcon.colcon_core.environment:checking '/home/itzelh/puzzlebot_JuanMa_ws/install/puzzlebot_description/bin'
[0.697s] INFO:colcon.colcon_core.shell:Creating package script '/home/itzelh/puzzlebot_JuanMa_ws/install/puzzlebot_description/share/puzzlebot_description/package.ps1'
[0.698s] INFO:colcon.colcon_core.shell:Creating package descriptor '/home/itzelh/puzzlebot_JuanMa_ws/install/puzzlebot_description/share/puzzlebot_description/package.dsv'
[0.698s] INFO:colcon.colcon_core.shell:Creating package script '/home/itzelh/puzzlebot_JuanMa_ws/install/puzzlebot_description/share/puzzlebot_description/package.sh'
[0.699s] INFO:colcon.colcon_core.shell:Creating package script '/home/itzelh/puzzlebot_JuanMa_ws/install/puzzlebot_description/share/puzzlebot_description/package.bash'
[0.700s] INFO:colcon.colcon_core.shell:Creating package script '/home/itzelh/puzzlebot_JuanMa_ws/install/puzzlebot_description/share/puzzlebot_description/package.zsh'
[0.701s] Level 1:colcon.colcon_core.environment:create_file_with_runtime_dependencies(/home/itzelh/puzzlebot_JuanMa_ws/install/puzzlebot_description/share/colcon-core/packages/puzzlebot_description)
[0.701s] Level 1:colcon.colcon_core.environment:create_environment_scripts_only(puzzlebot_description)
[0.701s] Level 1:colcon.colcon_core.environment:checking '/home/itzelh/puzzlebot_JuanMa_ws/install/puzzlebot_description' for CMake module files
[0.702s] Level 1:colcon.colcon_core.environment:checking '/home/itzelh/puzzlebot_JuanMa_ws/install/puzzlebot_description' for CMake config files
[0.702s] Level 1:colcon.colcon_core.shell:create_environment_hook('puzzlebot_description', 'cmake_prefix_path')
[0.702s] INFO:colcon.colcon_core.shell:Creating environment hook '/home/itzelh/puzzlebot_JuanMa_ws/install/puzzlebot_description/share/puzzlebot_description/hook/cmake_prefix_path.ps1'
[0.703s] INFO:colcon.colcon_core.shell:Creating environment descriptor '/home/itzelh/puzzlebot_JuanMa_ws/install/puzzlebot_description/share/puzzlebot_description/hook/cmake_prefix_path.dsv'
[0.703s] INFO:colcon.colcon_core.shell:Creating environment hook '/home/itzelh/puzzlebot_JuanMa_ws/install/puzzlebot_description/share/puzzlebot_description/hook/cmake_prefix_path.sh'
[0.703s] Level 1:colcon.colcon_core.environment:checking '/home/itzelh/puzzlebot_JuanMa_ws/install/puzzlebot_description/bin'
[0.703s] Level 1:colcon.colcon_core.environment:checking '/home/itzelh/puzzlebot_JuanMa_ws/install/puzzlebot_description/lib/pkgconfig/puzzlebot_description.pc'
[0.703s] Level 1:colcon.colcon_core.environment:checking '/home/itzelh/puzzlebot_JuanMa_ws/install/puzzlebot_description/lib/python3.10/site-packages'
[0.704s] Level 1:colcon.colcon_core.environment:checking '/home/itzelh/puzzlebot_JuanMa_ws/install/puzzlebot_description/bin'
[0.704s] INFO:colcon.colcon_core.shell:Creating package script '/home/itzelh/puzzlebot_JuanMa_ws/install/puzzlebot_description/share/puzzlebot_description/package.ps1'
[0.704s] INFO:colcon.colcon_core.shell:Creating package descriptor '/home/itzelh/puzzlebot_JuanMa_ws/install/puzzlebot_description/share/puzzlebot_description/package.dsv'
[0.705s] INFO:colcon.colcon_core.shell:Creating package script '/home/itzelh/puzzlebot_JuanMa_ws/install/puzzlebot_description/share/puzzlebot_description/package.sh'
[0.705s] INFO:colcon.colcon_core.shell:Creating package script '/home/itzelh/puzzlebot_JuanMa_ws/install/puzzlebot_description/share/puzzlebot_description/package.bash'
[0.705s] INFO:colcon.colcon_core.shell:Creating package script '/home/itzelh/puzzlebot_JuanMa_ws/install/puzzlebot_description/share/puzzlebot_description/package.zsh'
[0.706s] Level 1:colcon.colcon_core.environment:create_file_with_runtime_dependencies(/home/itzelh/puzzlebot_JuanMa_ws/install/puzzlebot_description/share/colcon-core/packages/puzzlebot_description)
[0.706s] INFO:colcon.colcon_ros.task.ament_cmake.build:Building ROS package in '/home/itzelh/puzzlebot_JuanMa_ws/src/puzzlebot_gazebo' with build type 'ament_cmake'
[0.706s] INFO:colcon.colcon_cmake.task.cmake.build:Building CMake package in '/home/itzelh/puzzlebot_JuanMa_ws/src/puzzlebot_gazebo'
[0.706s] INFO:colcon.colcon_core.shell:Skip shell extension 'powershell' for command environment: Not usable outside of PowerShell
[0.706s] DEBUG:colcon.colcon_core.shell:Skip shell extension 'dsv' for command environment
[0.716s] DEBUG:colcon.colcon_core.event_handler.log_command:Invoking command in '/home/itzelh/puzzlebot_JuanMa_ws/build/puzzlebot_gazebo': CMAKE_PREFIX_PATH=/home/itzelh/puzzlebot_JuanMa_ws/install/puzzlebot_description:/home/itzelh/puzzlebot_JuanMa_ws/install/sllidar_ros2:/home/itzelh/puzzlebot_JuanMa_ws/install/puzzlebot_navigation2:/home/itzelh/puzzlebot_JuanMa_ws/install/puzzlebot_gazebo:/home/itzelh/puzzlebot_JuanMa_ws/install/puzzlebot_real_robot:/home/itzelh/ros2_ws/install/mobile_robotics:/opt/ros/humble /usr/bin/cmake --build /home/itzelh/puzzlebot_JuanMa_ws/build/puzzlebot_gazebo -- -j12 -l12
[0.755s] DEBUG:colcon.colcon_core.event_handler.log_command:Invoked command in '/home/itzelh/puzzlebot_JuanMa_ws/build/puzzlebot_gazebo' returned '0': CMAKE_PREFIX_PATH=/home/itzelh/puzzlebot_JuanMa_ws/install/puzzlebot_description:/home/itzelh/puzzlebot_JuanMa_ws/install/sllidar_ros2:/home/itzelh/puzzlebot_JuanMa_ws/install/puzzlebot_navigation2:/home/itzelh/puzzlebot_JuanMa_ws/install/puzzlebot_gazebo:/home/itzelh/puzzlebot_JuanMa_ws/install/puzzlebot_real_robot:/home/itzelh/ros2_ws/install/mobile_robotics:/opt/ros/humble /usr/bin/cmake --build /home/itzelh/puzzlebot_JuanMa_ws/build/puzzlebot_gazebo -- -j12 -l12
[0.757s] DEBUG:colcon.colcon_core.event_handler.log_command:Invoking command in '/home/itzelh/puzzlebot_JuanMa_ws/build/puzzlebot_gazebo': CMAKE_PREFIX_PATH=/home/itzelh/puzzlebot_JuanMa_ws/install/puzzlebot_description:/home/itzelh/puzzlebot_JuanMa_ws/install/sllidar_ros2:/home/itzelh/puzzlebot_JuanMa_ws/install/puzzlebot_navigation2:/home/itzelh/puzzlebot_JuanMa_ws/install/puzzlebot_gazebo:/home/itzelh/puzzlebot_JuanMa_ws/install/puzzlebot_real_robot:/home/itzelh/ros2_ws/install/mobile_robotics:/opt/ros/humble /usr/bin/cmake --install /home/itzelh/puzzlebot_JuanMa_ws/build/puzzlebot_gazebo
[0.766s] Level 1:colcon.colcon_core.environment:create_environment_scripts_only(puzzlebot_gazebo)
[0.766s] Level 1:colcon.colcon_core.environment:checking '/home/itzelh/puzzlebot_JuanMa_ws/install/puzzlebot_gazebo' for CMake module files
[0.767s] DEBUG:colcon.colcon_core.event_handler.log_command:Invoked command in '/home/itzelh/puzzlebot_JuanMa_ws/build/puzzlebot_gazebo' returned '0': CMAKE_PREFIX_PATH=/home/itzelh/puzzlebot_JuanMa_ws/install/puzzlebot_description:/home/itzelh/puzzlebot_JuanMa_ws/install/sllidar_ros2:/home/itzelh/puzzlebot_JuanMa_ws/install/puzzlebot_navigation2:/home/itzelh/puzzlebot_JuanMa_ws/install/puzzlebot_gazebo:/home/itzelh/puzzlebot_JuanMa_ws/install/puzzlebot_real_robot:/home/itzelh/ros2_ws/install/mobile_robotics:/opt/ros/humble /usr/bin/cmake --install /home/itzelh/puzzlebot_JuanMa_ws/build/puzzlebot_gazebo
[0.767s] Level 1:colcon.colcon_core.environment:checking '/home/itzelh/puzzlebot_JuanMa_ws/install/puzzlebot_gazebo' for CMake config files
[0.767s] Level 1:colcon.colcon_core.shell:create_environment_hook('puzzlebot_gazebo', 'cmake_prefix_path')
[0.767s] INFO:colcon.colcon_core.shell:Creating environment hook '/home/itzelh/puzzlebot_JuanMa_ws/install/puzzlebot_gazebo/share/puzzlebot_gazebo/hook/cmake_prefix_path.ps1'
[0.768s] INFO:colcon.colcon_core.shell:Creating environment descriptor '/home/itzelh/puzzlebot_JuanMa_ws/install/puzzlebot_gazebo/share/puzzlebot_gazebo/hook/cmake_prefix_path.dsv'
[0.768s] INFO:colcon.colcon_core.shell:Creating environment hook '/home/itzelh/puzzlebot_JuanMa_ws/install/puzzlebot_gazebo/share/puzzlebot_gazebo/hook/cmake_prefix_path.sh'
[0.768s] Level 1:colcon.colcon_core.environment:checking '/home/itzelh/puzzlebot_JuanMa_ws/install/puzzlebot_gazebo/bin'
[0.769s] Level 1:colcon.colcon_core.environment:checking '/home/itzelh/puzzlebot_JuanMa_ws/install/puzzlebot_gazebo/lib/pkgconfig/puzzlebot_gazebo.pc'
[0.769s] Level 1:colcon.colcon_core.environment:checking '/home/itzelh/puzzlebot_JuanMa_ws/install/puzzlebot_gazebo/lib/python3.10/site-packages'
[0.769s] Level 1:colcon.colcon_core.environment:checking '/home/itzelh/puzzlebot_JuanMa_ws/install/puzzlebot_gazebo/bin'
[0.769s] INFO:colcon.colcon_core.shell:Creating package script '/home/itzelh/puzzlebot_JuanMa_ws/install/puzzlebot_gazebo/share/puzzlebot_gazebo/package.ps1'
[0.770s] INFO:colcon.colcon_core.shell:Creating package descriptor '/home/itzelh/puzzlebot_JuanMa_ws/install/puzzlebot_gazebo/share/puzzlebot_gazebo/package.dsv'
[0.770s] INFO:colcon.colcon_core.shell:Creating package script '/home/itzelh/puzzlebot_JuanMa_ws/install/puzzlebot_gazebo/share/puzzlebot_gazebo/package.sh'
[0.770s] INFO:colcon.colcon_core.shell:Creating package script '/home/itzelh/puzzlebot_JuanMa_ws/install/puzzlebot_gazebo/share/puzzlebot_gazebo/package.bash'
[0.771s] INFO:colcon.colcon_core.shell:Creating package script '/home/itzelh/puzzlebot_JuanMa_ws/install/puzzlebot_gazebo/share/puzzlebot_gazebo/package.zsh'
[0.771s] Level 1:colcon.colcon_core.environment:create_file_with_runtime_dependencies(/home/itzelh/puzzlebot_JuanMa_ws/install/puzzlebot_gazebo/share/colcon-core/packages/puzzlebot_gazebo)
[0.771s] Level 1:colcon.colcon_core.environment:create_environment_scripts_only(puzzlebot_gazebo)
[0.772s] Level 1:colcon.colcon_core.environment:checking '/home/itzelh/puzzlebot_JuanMa_ws/install/puzzlebot_gazebo' for CMake module files
[0.772s] Level 1:colcon.colcon_core.environment:checking '/home/itzelh/puzzlebot_JuanMa_ws/install/puzzlebot_gazebo' for CMake config files
[0.772s] Level 1:colcon.colcon_core.shell:create_environment_hook('puzzlebot_gazebo', 'cmake_prefix_path')
[0.772s] INFO:colcon.colcon_core.shell:Creating environment hook '/home/itzelh/puzzlebot_JuanMa_ws/install/puzzlebot_gazebo/share/puzzlebot_gazebo/hook/cmake_prefix_path.ps1'
[0.773s] INFO:colcon.colcon_core.shell:Creating environment descriptor '/home/itzelh/puzzlebot_JuanMa_ws/install/puzzlebot_gazebo/share/puzzlebot_gazebo/hook/cmake_prefix_path.dsv'
[0.773s] INFO:colcon.colcon_core.shell:Creating environment hook '/home/itzelh/puzzlebot_JuanMa_ws/install/puzzlebot_gazebo/share/puzzlebot_gazebo/hook/cmake_prefix_path.sh'
[0.773s] Level 1:colcon.colcon_core.environment:checking '/home/itzelh/puzzlebot_JuanMa_ws/install/puzzlebot_gazebo/bin'
[0.773s] Level 1:colcon.colcon_core.environment:checking '/home/itzelh/puzzlebot_JuanMa_ws/install/puzzlebot_gazebo/lib/pkgconfig/puzzlebot_gazebo.pc'
[0.773s] Level 1:colcon.colcon_core.environment:checking '/home/itzelh/puzzlebot_JuanMa_ws/install/puzzlebot_gazebo/lib/python3.10/site-packages'
[0.774s] Level 1:colcon.colcon_core.environment:checking '/home/itzelh/puzzlebot_JuanMa_ws/install/puzzlebot_gazebo/bin'
[0.774s] INFO:colcon.colcon_core.shell:Creating package script '/home/itzelh/puzzlebot_JuanMa_ws/install/puzzlebot_gazebo/share/puzzlebot_gazebo/package.ps1'
[0.774s] INFO:colcon.colcon_core.shell:Creating package descriptor '/home/itzelh/puzzlebot_JuanMa_ws/install/puzzlebot_gazebo/share/puzzlebot_gazebo/package.dsv'
[0.775s] INFO:colcon.colcon_core.shell:Creating package script '/home/itzelh/puzzlebot_JuanMa_ws/install/puzzlebot_gazebo/share/puzzlebot_gazebo/package.sh'
[0.775s] INFO:colcon.colcon_core.shell:Creating package script '/home/itzelh/puzzlebot_JuanMa_ws/install/puzzlebot_gazebo/share/puzzlebot_gazebo/package.bash'
[0.776s] INFO:colcon.colcon_core.shell:Creating package script '/home/itzelh/puzzlebot_JuanMa_ws/install/puzzlebot_gazebo/share/puzzlebot_gazebo/package.zsh'
[0.776s] Level 1:colcon.colcon_core.environment:create_file_with_runtime_dependencies(/home/itzelh/puzzlebot_JuanMa_ws/install/puzzlebot_gazebo/share/colcon-core/packages/puzzlebot_gazebo)
[0.776s] INFO:colcon.colcon_ros.task.ament_cmake.build:Building ROS package in '/home/itzelh/puzzlebot_JuanMa_ws/src/puzzlebot_navigation2' with build type 'ament_cmake'
[0.776s] INFO:colcon.colcon_cmake.task.cmake.build:Building CMake package in '/home/itzelh/puzzlebot_JuanMa_ws/src/puzzlebot_navigation2'
[0.777s] INFO:colcon.colcon_core.shell:Skip shell extension 'powershell' for command environment: Not usable outside of PowerShell
[0.777s] DEBUG:colcon.colcon_core.shell:Skip shell extension 'dsv' for command environment
[0.788s] DEBUG:colcon.colcon_core.event_handler.log_command:Invoking command in '/home/itzelh/puzzlebot_JuanMa_ws/build/puzzlebot_navigation2': CMAKE_PREFIX_PATH=/home/itzelh/puzzlebot_JuanMa_ws/install/puzzlebot_gazebo:/home/itzelh/puzzlebot_JuanMa_ws/install/puzzlebot_description:/home/itzelh/puzzlebot_JuanMa_ws/install/sllidar_ros2:/home/itzelh/puzzlebot_JuanMa_ws/install/puzzlebot_navigation2:/home/itzelh/puzzlebot_JuanMa_ws/install/puzzlebot_real_robot:/home/itzelh/ros2_ws/install/mobile_robotics:/opt/ros/humble /usr/bin/cmake --build /home/itzelh/puzzlebot_JuanMa_ws/build/puzzlebot_navigation2 -- -j12 -l12
[0.826s] DEBUG:colcon.colcon_core.event_handler.log_command:Invoked command in '/home/itzelh/puzzlebot_JuanMa_ws/build/puzzlebot_navigation2' returned '0': CMAKE_PREFIX_PATH=/home/itzelh/puzzlebot_JuanMa_ws/install/puzzlebot_gazebo:/home/itzelh/puzzlebot_JuanMa_ws/install/puzzlebot_description:/home/itzelh/puzzlebot_JuanMa_ws/install/sllidar_ros2:/home/itzelh/puzzlebot_JuanMa_ws/install/puzzlebot_navigation2:/home/itzelh/puzzlebot_JuanMa_ws/install/puzzlebot_real_robot:/home/itzelh/ros2_ws/install/mobile_robotics:/opt/ros/humble /usr/bin/cmake --build /home/itzelh/puzzlebot_JuanMa_ws/build/puzzlebot_navigation2 -- -j12 -l12
[0.827s] DEBUG:colcon.colcon_core.event_handler.log_command:Invoking command in '/home/itzelh/puzzlebot_JuanMa_ws/build/puzzlebot_navigation2': CMAKE_PREFIX_PATH=/home/itzelh/puzzlebot_JuanMa_ws/install/puzzlebot_gazebo:/home/itzelh/puzzlebot_JuanMa_ws/install/puzzlebot_description:/home/itzelh/puzzlebot_JuanMa_ws/install/sllidar_ros2:/home/itzelh/puzzlebot_JuanMa_ws/install/puzzlebot_navigation2:/home/itzelh/puzzlebot_JuanMa_ws/install/puzzlebot_real_robot:/home/itzelh/ros2_ws/install/mobile_robotics:/opt/ros/humble /usr/bin/cmake --install /home/itzelh/puzzlebot_JuanMa_ws/build/puzzlebot_navigation2
[0.838s] Level 1:colcon.colcon_core.environment:create_environment_scripts_only(puzzlebot_navigation2)
[0.838s] Level 1:colcon.colcon_core.environment:checking '/home/itzelh/puzzlebot_JuanMa_ws/install/puzzlebot_navigation2' for CMake module files
[0.839s] DEBUG:colcon.colcon_core.event_handler.log_command:Invoked command in '/home/itzelh/puzzlebot_JuanMa_ws/build/puzzlebot_navigation2' returned '0': CMAKE_PREFIX_PATH=/home/itzelh/puzzlebot_JuanMa_ws/install/puzzlebot_gazebo:/home/itzelh/puzzlebot_JuanMa_ws/install/puzzlebot_description:/home/itzelh/puzzlebot_JuanMa_ws/install/sllidar_ros2:/home/itzelh/puzzlebot_JuanMa_ws/install/puzzlebot_navigation2:/home/itzelh/puzzlebot_JuanMa_ws/install/puzzlebot_real_robot:/home/itzelh/ros2_ws/install/mobile_robotics:/opt/ros/humble /usr/bin/cmake --install /home/itzelh/puzzlebot_JuanMa_ws/build/puzzlebot_navigation2
[0.839s] Level 1:colcon.colcon_core.environment:checking '/home/itzelh/puzzlebot_JuanMa_ws/install/puzzlebot_navigation2' for CMake config files
[0.839s] Level 1:colcon.colcon_core.shell:create_environment_hook('puzzlebot_navigation2', 'cmake_prefix_path')
[0.840s] INFO:colcon.colcon_core.shell:Creating environment hook '/home/itzelh/puzzlebot_JuanMa_ws/install/puzzlebot_navigation2/share/puzzlebot_navigation2/hook/cmake_prefix_path.ps1'
[0.840s] INFO:colcon.colcon_core.shell:Creating environment descriptor '/home/itzelh/puzzlebot_JuanMa_ws/install/puzzlebot_navigation2/share/puzzlebot_navigation2/hook/cmake_prefix_path.dsv'
[0.841s] INFO:colcon.colcon_core.shell:Creating environment hook '/home/itzelh/puzzlebot_JuanMa_ws/install/puzzlebot_navigation2/share/puzzlebot_navigation2/hook/cmake_prefix_path.sh'
[0.841s] Level 1:colcon.colcon_core.environment:checking '/home/itzelh/puzzlebot_JuanMa_ws/install/puzzlebot_navigation2/bin'
[0.842s] Level 1:colcon.colcon_core.environment:checking '/home/itzelh/puzzlebot_JuanMa_ws/install/puzzlebot_navigation2/lib/pkgconfig/puzzlebot_navigation2.pc'
[0.842s] Level 1:colcon.colcon_core.environment:checking '/home/itzelh/puzzlebot_JuanMa_ws/install/puzzlebot_navigation2/lib/python3.10/site-packages'
[0.842s] Level 1:colcon.colcon_core.environment:checking '/home/itzelh/puzzlebot_JuanMa_ws/install/puzzlebot_navigation2/bin'
[0.843s] INFO:colcon.colcon_core.shell:Creating package script '/home/itzelh/puzzlebot_JuanMa_ws/install/puzzlebot_navigation2/share/puzzlebot_navigation2/package.ps1'
[0.843s] INFO:colcon.colcon_core.shell:Creating package descriptor '/home/itzelh/puzzlebot_JuanMa_ws/install/puzzlebot_navigation2/share/puzzlebot_navigation2/package.dsv'
[0.843s] INFO:colcon.colcon_core.shell:Creating package script '/home/itzelh/puzzlebot_JuanMa_ws/install/puzzlebot_navigation2/share/puzzlebot_navigation2/package.sh'
[0.844s] INFO:colcon.colcon_core.shell:Creating package script '/home/itzelh/puzzlebot_JuanMa_ws/install/puzzlebot_navigation2/share/puzzlebot_navigation2/package.bash'
[0.844s] INFO:colcon.colcon_core.shell:Creating package script '/home/itzelh/puzzlebot_JuanMa_ws/install/puzzlebot_navigation2/share/puzzlebot_navigation2/package.zsh'
[0.844s] Level 1:colcon.colcon_core.environment:create_file_with_runtime_dependencies(/home/itzelh/puzzlebot_JuanMa_ws/install/puzzlebot_navigation2/share/colcon-core/packages/puzzlebot_navigation2)
[0.845s] Level 1:colcon.colcon_core.environment:create_environment_scripts_only(puzzlebot_navigation2)
[0.845s] Level 1:colcon.colcon_core.environment:checking '/home/itzelh/puzzlebot_JuanMa_ws/install/puzzlebot_navigation2' for CMake module files
[0.846s] Level 1:colcon.colcon_core.environment:checking '/home/itzelh/puzzlebot_JuanMa_ws/install/puzzlebot_navigation2' for CMake config files
[0.846s] Level 1:colcon.colcon_core.shell:create_environment_hook('puzzlebot_navigation2', 'cmake_prefix_path')
[0.846s] INFO:colcon.colcon_core.shell:Creating environment hook '/home/itzelh/puzzlebot_JuanMa_ws/install/puzzlebot_navigation2/share/puzzlebot_navigation2/hook/cmake_prefix_path.ps1'
[0.846s] INFO:colcon.colcon_core.shell:Creating environment descriptor '/home/itzelh/puzzlebot_JuanMa_ws/install/puzzlebot_navigation2/share/puzzlebot_navigation2/hook/cmake_prefix_path.dsv'
[0.847s] INFO:colcon.colcon_core.shell:Creating environment hook '/home/itzelh/puzzlebot_JuanMa_ws/install/puzzlebot_navigation2/share/puzzlebot_navigation2/hook/cmake_prefix_path.sh'
[0.847s] Level 1:colcon.colcon_core.environment:checking '/home/itzelh/puzzlebot_JuanMa_ws/install/puzzlebot_navigation2/bin'
[0.847s] Level 1:colcon.colcon_core.environment:checking '/home/itzelh/puzzlebot_JuanMa_ws/install/puzzlebot_navigation2/lib/pkgconfig/puzzlebot_navigation2.pc'
[0.847s] Level 1:colcon.colcon_core.environment:checking '/home/itzelh/puzzlebot_JuanMa_ws/install/puzzlebot_navigation2/lib/python3.10/site-packages'
[0.847s] Level 1:colcon.colcon_core.environment:checking '/home/itzelh/puzzlebot_JuanMa_ws/install/puzzlebot_navigation2/bin'
[0.848s] INFO:colcon.colcon_core.shell:Creating package script '/home/itzelh/puzzlebot_JuanMa_ws/install/puzzlebot_navigation2/share/puzzlebot_navigation2/package.ps1'
[0.848s] INFO:colcon.colcon_core.shell:Creating package descriptor '/home/itzelh/puzzlebot_JuanMa_ws/install/puzzlebot_navigation2/share/puzzlebot_navigation2/package.dsv'
[0.849s] INFO:colcon.colcon_core.shell:Creating package script '/home/itzelh/puzzlebot_JuanMa_ws/install/puzzlebot_navigation2/share/puzzlebot_navigation2/package.sh'
[0.849s] INFO:colcon.colcon_core.shell:Creating package script '/home/itzelh/puzzlebot_JuanMa_ws/install/puzzlebot_navigation2/share/puzzlebot_navigation2/package.bash'
[0.849s] INFO:colcon.colcon_core.shell:Creating package script '/home/itzelh/puzzlebot_JuanMa_ws/install/puzzlebot_navigation2/share/puzzlebot_navigation2/package.zsh'
[0.850s] Level 1:colcon.colcon_core.environment:create_file_with_runtime_dependencies(/home/itzelh/puzzlebot_JuanMa_ws/install/puzzlebot_navigation2/share/colcon-core/packages/puzzlebot_navigation2)
[1.084s] DEBUG:colcon.colcon_core.event_handler.log_command:Invoking command in '/home/itzelh/puzzlebot_JuanMa_ws/src/puzzlebot_real_robot': PYTHONPATH=/home/itzelh/puzzlebot_JuanMa_ws/build/puzzlebot_real_robot/prefix_override:/usr/lib/python3/dist-packages/colcon_core/task/python/colcon_distutils_commands:/home/itzelh/puzzlebot_JuanMa_ws/install/puzzlebot_real_robot/lib/python3.10/site-packages:${PYTHONPATH} /usr/bin/python3 -W ignore:setup.py install is deprecated -W ignore:easy_install command is deprecated setup.py egg_info --egg-base ../../build/puzzlebot_real_robot build --build-base /home/itzelh/puzzlebot_JuanMa_ws/build/puzzlebot_real_robot/build install --record /home/itzelh/puzzlebot_JuanMa_ws/build/puzzlebot_real_robot/install.log --single-version-externally-managed install_data
[1.323s] Level 1:colcon.colcon_core.environment:checking '/home/itzelh/puzzlebot_JuanMa_ws/install/puzzlebot_real_robot' for CMake module files
[1.323s] DEBUG:colcon.colcon_core.event_handler.log_command:Invoked command in '/home/itzelh/puzzlebot_JuanMa_ws/src/puzzlebot_real_robot' returned '0': PYTHONPATH=/home/itzelh/puzzlebot_JuanMa_ws/build/puzzlebot_real_robot/prefix_override:/usr/lib/python3/dist-packages/colcon_core/task/python/colcon_distutils_commands:/home/itzelh/puzzlebot_JuanMa_ws/install/puzzlebot_real_robot/lib/python3.10/site-packages:${PYTHONPATH} /usr/bin/python3 -W ignore:setup.py install is deprecated -W ignore:easy_install command is deprecated setup.py egg_info --egg-base ../../build/puzzlebot_real_robot build --build-base /home/itzelh/puzzlebot_JuanMa_ws/build/puzzlebot_real_robot/build install --record /home/itzelh/puzzlebot_JuanMa_ws/build/puzzlebot_real_robot/install.log --single-version-externally-managed install_data
[1.324s] Level 1:colcon.colcon_core.environment:checking '/home/itzelh/puzzlebot_JuanMa_ws/install/puzzlebot_real_robot' for CMake config files
[1.324s] Level 1:colcon.colcon_core.environment:checking '/home/itzelh/puzzlebot_JuanMa_ws/install/puzzlebot_real_robot/lib'
[1.324s] Level 1:colcon.colcon_core.environment:checking '/home/itzelh/puzzlebot_JuanMa_ws/install/puzzlebot_real_robot/bin'
[1.324s] Level 1:colcon.colcon_core.environment:checking '/home/itzelh/puzzlebot_JuanMa_ws/install/puzzlebot_real_robot/lib/pkgconfig/puzzlebot_real_robot.pc'
[1.324s] Level 1:colcon.colcon_core.environment:checking '/home/itzelh/puzzlebot_JuanMa_ws/install/puzzlebot_real_robot/lib/python3.10/site-packages'
[1.325s] Level 1:colcon.colcon_core.shell:create_environment_hook('puzzlebot_real_robot', 'pythonpath')
[1.325s] INFO:colcon.colcon_core.shell:Creating environment hook '/home/itzelh/puzzlebot_JuanMa_ws/install/puzzlebot_real_robot/share/puzzlebot_real_robot/hook/pythonpath.ps1'
[1.325s] INFO:colcon.colcon_core.shell:Creating environment descriptor '/home/itzelh/puzzlebot_JuanMa_ws/install/puzzlebot_real_robot/share/puzzlebot_real_robot/hook/pythonpath.dsv'
[1.325s] INFO:colcon.colcon_core.shell:Creating environment hook '/home/itzelh/puzzlebot_JuanMa_ws/install/puzzlebot_real_robot/share/puzzlebot_real_robot/hook/pythonpath.sh'
[1.326s] Level 1:colcon.colcon_core.environment:checking '/home/itzelh/puzzlebot_JuanMa_ws/install/puzzlebot_real_robot/bin'
[1.326s] Level 1:colcon.colcon_core.environment:create_environment_scripts_only(puzzlebot_real_robot)
[1.326s] INFO:colcon.colcon_core.shell:Creating package script '/home/itzelh/puzzlebot_JuanMa_ws/install/puzzlebot_real_robot/share/puzzlebot_real_robot/package.ps1'
[1.327s] INFO:colcon.colcon_core.shell:Creating package descriptor '/home/itzelh/puzzlebot_JuanMa_ws/install/puzzlebot_real_robot/share/puzzlebot_real_robot/package.dsv'
[1.327s] INFO:colcon.colcon_core.shell:Creating package script '/home/itzelh/puzzlebot_JuanMa_ws/install/puzzlebot_real_robot/share/puzzlebot_real_robot/package.sh'
[1.327s] INFO:colcon.colcon_core.shell:Creating package script '/home/itzelh/puzzlebot_JuanMa_ws/install/puzzlebot_real_robot/share/puzzlebot_real_robot/package.bash'
[1.328s] INFO:colcon.colcon_core.shell:Creating package script '/home/itzelh/puzzlebot_JuanMa_ws/install/puzzlebot_real_robot/share/puzzlebot_real_robot/package.zsh'
[1.328s] Level 1:colcon.colcon_core.environment:create_file_with_runtime_dependencies(/home/itzelh/puzzlebot_JuanMa_ws/install/puzzlebot_real_robot/share/colcon-core/packages/puzzlebot_real_robot)
[1.328s] DEBUG:colcon.colcon_parallel_executor.executor.parallel:closing loop
[1.328s] DEBUG:colcon.colcon_parallel_executor.executor.parallel:loop closed
[1.328s] DEBUG:colcon.colcon_parallel_executor.executor.parallel:run_until_complete finished with '0'
[1.329s] DEBUG:colcon.colcon_core.event_reactor:joining thread
[1.333s] INFO:colcon.colcon_core.plugin_system:Skipping extension 'colcon_notification.desktop_notification.terminal_notifier': Not used on non-Darwin systems
[1.333s] INFO:colcon.colcon_core.plugin_system:Skipping extension 'colcon_notification.desktop_notification.win32': Not used on non-Windows systems
[1.333s] INFO:colcon.colcon_notification.desktop_notification:Sending desktop notification using 'notify2'
[1.348s] DEBUG:colcon.colcon_core.event_reactor:joined thread
[1.349s] INFO:colcon.colcon_core.shell:Creating prefix script '/home/itzelh/puzzlebot_JuanMa_ws/install/local_setup.ps1'
[1.350s] INFO:colcon.colcon_core.shell:Creating prefix util module '/home/itzelh/puzzlebot_JuanMa_ws/install/_local_setup_util_ps1.py'
[1.352s] INFO:colcon.colcon_core.shell:Creating prefix chain script '/home/itzelh/puzzlebot_JuanMa_ws/install/setup.ps1'
[1.353s] INFO:colcon.colcon_core.shell:Creating prefix script '/home/itzelh/puzzlebot_JuanMa_ws/install/local_setup.sh'
[1.354s] INFO:colcon.colcon_core.shell:Creating prefix util module '/home/itzelh/puzzlebot_JuanMa_ws/install/_local_setup_util_sh.py'
[1.355s] INFO:colcon.colcon_core.shell:Creating prefix chain script '/home/itzelh/puzzlebot_JuanMa_ws/install/setup.sh'
[1.356s] INFO:colcon.colcon_core.shell:Creating prefix script '/home/itzelh/puzzlebot_JuanMa_ws/install/local_setup.bash'
[1.357s] INFO:colcon.colcon_core.shell:Creating prefix chain script '/home/itzelh/puzzlebot_JuanMa_ws/install/setup.bash'
[1.358s] INFO:colcon.colcon_core.shell:Creating prefix script '/home/itzelh/puzzlebot_JuanMa_ws/install/local_setup.zsh'
[1.359s] INFO:colcon.colcon_core.shell:Creating prefix chain script '/home/itzelh/puzzlebot_JuanMa_ws/install/setup.zsh'
