[0.016s] Invoking command in '/home/itzelh/puzzlebot_JuanMa_ws/build/puzzlebot_description': CMAKE_PREFIX_PATH=/home/itzelh/ros2_ws/install/mobile_robotics:/opt/ros/humble /usr/bin/cmake --build /home/itzelh/puzzlebot_JuanMa_ws/build/puzzlebot_description -- -j12 -l12
[0.292s] Invoked command in '/home/itzelh/puzzlebot_JuanMa_ws/build/puzzlebot_description' returned '0': CMAKE_PREFIX_PATH=/home/itzelh/ros2_ws/install/mobile_robotics:/opt/ros/humble /usr/bin/cmake --build /home/itzelh/puzzlebot_JuanMa_ws/build/puzzlebot_description -- -j12 -l12
[0.302s] Invoking command in '/home/itzelh/puzzlebot_JuanMa_ws/build/puzzlebot_description': CMAKE_PREFIX_PATH=/home/itzelh/ros2_ws/install/mobile_robotics:/opt/ros/humble /usr/bin/cmake --install /home/itzelh/puzzlebot_JuanMa_ws/build/puzzlebot_description
[0.310s] -- Install configuration: ""
[0.310s] -- Up-to-date: /home/itzelh/puzzlebot_JuanMa_ws/install/puzzlebot_description/share/puzzlebot_description/urdf
[0.311s] -- Up-to-date: /home/itzelh/puzzlebot_JuanMa_ws/install/puzzlebot_description/share/puzzlebot_description/urdf/puzzlebot.xacro
[0.311s] -- Up-to-date: /home/itzelh/puzzlebot_JuanMa_ws/install/puzzlebot_description/share/puzzlebot_description/urdf/mcr2_misc
[0.311s] -- Up-to-date: /home/itzelh/puzzlebot_JuanMa_ws/install/puzzlebot_description/share/puzzlebot_description/urdf/mcr2_misc/materials.xacro
[0.311s] -- Up-to-date: /home/itzelh/puzzlebot_JuanMa_ws/install/puzzlebot_description/share/puzzlebot_description/urdf/mcr2_misc/macros.xacro
[0.311s] -- Up-to-date: /home/itzelh/puzzlebot_JuanMa_ws/install/puzzlebot_description/share/puzzlebot_description/urdf/puzzlebot_jetson_lidar_base.urdf.xacro
[0.311s] -- Up-to-date: /home/itzelh/puzzlebot_JuanMa_ws/install/puzzlebot_description/share/puzzlebot_description/urdf/mcr2_control
[0.312s] -- Up-to-date: /home/itzelh/puzzlebot_JuanMa_ws/install/puzzlebot_description/share/puzzlebot_description/urdf/mcr2_robots
[0.312s] -- Installing: /home/itzelh/puzzlebot_JuanMa_ws/install/puzzlebot_description/share/puzzlebot_description/urdf/mcr2_robots/puzzlebot_jetson_lidar_ed.xacro
[0.312s] -- Up-to-date: /home/itzelh/puzzlebot_JuanMa_ws/install/puzzlebot_description/share/puzzlebot_description/urdf/mcr2_robots/jetson_lidar_ed
[0.312s] -- Up-to-date: /home/itzelh/puzzlebot_JuanMa_ws/install/puzzlebot_description/share/puzzlebot_description/urdf/mcr2_robots/jetson_lidar_ed/parameters_jetson_lidar_ed.xacro
[0.312s] -- Up-to-date: /home/itzelh/puzzlebot_JuanMa_ws/install/puzzlebot_description/share/puzzlebot_description/urdf/mcr2_sensors
[0.312s] -- Up-to-date: /home/itzelh/puzzlebot_JuanMa_ws/install/puzzlebot_description/share/puzzlebot_description/urdf/mcr2_sensors/laser_camera_bracket.xacro
[0.312s] -- Up-to-date: /home/itzelh/puzzlebot_JuanMa_ws/install/puzzlebot_description/share/puzzlebot_description/urdf/mcr2_sensors/lidar.xacro
[0.312s] -- Up-to-date: /home/itzelh/puzzlebot_JuanMa_ws/install/puzzlebot_description/share/puzzlebot_description/rviz
[0.312s] -- Up-to-date: /home/itzelh/puzzlebot_JuanMa_ws/install/puzzlebot_description/share/puzzlebot_description/rviz/puzzlebot_description.rviz
[0.313s] -- Up-to-date: /home/itzelh/puzzlebot_JuanMa_ws/install/puzzlebot_description/share/puzzlebot_description/meshes
[0.313s] -- Up-to-date: /home/itzelh/puzzlebot_JuanMa_ws/install/puzzlebot_description/share/puzzlebot_description/meshes/bases
[0.313s] -- Up-to-date: /home/itzelh/puzzlebot_JuanMa_ws/install/puzzlebot_description/share/puzzlebot_description/meshes/bases/Puzzlebot_Jetson_Lidar_Edition_Base.stl
[0.313s] -- Up-to-date: /home/itzelh/puzzlebot_JuanMa_ws/install/puzzlebot_description/share/puzzlebot_description/meshes/sensors
[0.313s] -- Up-to-date: /home/itzelh/puzzlebot_JuanMa_ws/install/puzzlebot_description/share/puzzlebot_description/meshes/sensors/Laser_Camera_Bracket.stl
[0.313s] -- Up-to-date: /home/itzelh/puzzlebot_JuanMa_ws/install/puzzlebot_description/share/puzzlebot_description/meshes/sensors/RPLidar.stl
[0.313s] -- Up-to-date: /home/itzelh/puzzlebot_JuanMa_ws/install/puzzlebot_description/share/puzzlebot_description/meshes/wheels
[0.313s] -- Up-to-date: /home/itzelh/puzzlebot_JuanMa_ws/install/puzzlebot_description/share/puzzlebot_description/meshes/wheels/Puzzlebot_Wheel.stl
[0.313s] -- Up-to-date: /home/itzelh/puzzlebot_JuanMa_ws/install/puzzlebot_description/share/puzzlebot_description/meshes/wheels/Puzzlebot_Caster_Wheel.stl
[0.313s] -- Up-to-date: /home/itzelh/puzzlebot_JuanMa_ws/install/puzzlebot_description/share/puzzlebot_description/meshes/misc
[0.313s] -- Up-to-date: /home/itzelh/puzzlebot_JuanMa_ws/install/puzzlebot_description/share/puzzlebot_description/meshes/misc/NVIDIA_Jetson.stl
[0.313s] -- Up-to-date: /home/itzelh/puzzlebot_JuanMa_ws/install/puzzlebot_description/share/puzzlebot_description/launch
[0.313s] -- Up-to-date: /home/itzelh/puzzlebot_JuanMa_ws/install/puzzlebot_description/share/puzzlebot_description/launch/puzzlebot_description.launch.xml
[0.314s] -- Up-to-date: /home/itzelh/puzzlebot_JuanMa_ws/install/puzzlebot_description/share/ament_index/resource_index/package_run_dependencies/puzzlebot_description
[0.314s] -- Up-to-date: /home/itzelh/puzzlebot_JuanMa_ws/install/puzzlebot_description/share/ament_index/resource_index/parent_prefix_path/puzzlebot_description
[0.315s] -- Up-to-date: /home/itzelh/puzzlebot_JuanMa_ws/install/puzzlebot_description/share/puzzlebot_description/environment/ament_prefix_path.sh
[0.315s] -- Up-to-date: /home/itzelh/puzzlebot_JuanMa_ws/install/puzzlebot_description/share/puzzlebot_description/environment/ament_prefix_path.dsv
[0.315s] -- Up-to-date: /home/itzelh/puzzlebot_JuanMa_ws/install/puzzlebot_description/share/puzzlebot_description/environment/path.sh
[0.315s] -- Up-to-date: /home/itzelh/puzzlebot_JuanMa_ws/install/puzzlebot_description/share/puzzlebot_description/environment/path.dsv
[0.316s] -- Up-to-date: /home/itzelh/puzzlebot_JuanMa_ws/install/puzzlebot_description/share/puzzlebot_description/local_setup.bash
[0.316s] -- Up-to-date: /home/itzelh/puzzlebot_JuanMa_ws/install/puzzlebot_description/share/puzzlebot_description/local_setup.sh
[0.317s] -- Up-to-date: /home/itzelh/puzzlebot_JuanMa_ws/install/puzzlebot_description/share/puzzlebot_description/local_setup.zsh
[0.317s] -- Up-to-date: /home/itzelh/puzzlebot_JuanMa_ws/install/puzzlebot_description/share/puzzlebot_description/local_setup.dsv
[0.317s] -- Installing: /home/itzelh/puzzlebot_JuanMa_ws/install/puzzlebot_description/share/puzzlebot_description/package.dsv
[0.317s] -- Up-to-date: /home/itzelh/puzzlebot_JuanMa_ws/install/puzzlebot_description/share/ament_index/resource_index/packages/puzzlebot_description
[0.318s] -- Up-to-date: /home/itzelh/puzzlebot_JuanMa_ws/install/puzzlebot_description/share/puzzlebot_description/cmake/puzzlebot_descriptionConfig.cmake
[0.318s] -- Up-to-date: /home/itzelh/puzzlebot_JuanMa_ws/install/puzzlebot_description/share/puzzlebot_description/cmake/puzzlebot_descriptionConfig-version.cmake
[0.318s] -- Up-to-date: /home/itzelh/puzzlebot_JuanMa_ws/install/puzzlebot_description/share/puzzlebot_description/package.xml
[0.319s] Invoked command in '/home/itzelh/puzzlebot_JuanMa_ws/build/puzzlebot_description' returned '0': CMAKE_PREFIX_PATH=/home/itzelh/ros2_ws/install/mobile_robotics:/opt/ros/humble /usr/bin/cmake --install /home/itzelh/puzzlebot_JuanMa_ws/build/puzzlebot_description
