[0.541s] Invoking command in '/home/itzelh/puzzlebot_JuanMa_ws/src/puzzlebot_real_robot': PYTHONPATH=/home/itzelh/puzzlebot_JuanMa_ws/build/puzzlebot_real_robot/prefix_override:/usr/lib/python3/dist-packages/colcon_core/task/python/colcon_distutils_commands:/home/itzelh/puzzlebot_JuanMa_ws/install/puzzlebot_real_robot/lib/python3.10/site-packages:${PYTHONPATH} /usr/bin/python3 -W ignore:setup.py install is deprecated -W ignore:easy_install command is deprecated setup.py egg_info --egg-base ../../build/puzzlebot_real_robot build --build-base /home/itzelh/puzzlebot_JuanMa_ws/build/puzzlebot_real_robot/build install --record /home/itzelh/puzzlebot_JuanMa_ws/build/puzzlebot_real_robot/install.log --single-version-externally-managed install_data
[0.707s] running egg_info
[0.708s] writing ../../build/puzzlebot_real_robot/puzzlebot_real_robot.egg-info/PKG-INFO
[0.708s] writing dependency_links to ../../build/puzzlebot_real_robot/puzzlebot_real_robot.egg-info/dependency_links.txt
[0.708s] writing entry points to ../../build/puzzlebot_real_robot/puzzlebot_real_robot.egg-info/entry_points.txt
[0.708s] writing requirements to ../../build/puzzlebot_real_robot/puzzlebot_real_robot.egg-info/requires.txt
[0.708s] writing top-level names to ../../build/puzzlebot_real_robot/puzzlebot_real_robot.egg-info/top_level.txt
[0.710s] reading manifest file '../../build/puzzlebot_real_robot/puzzlebot_real_robot.egg-info/SOURCES.txt'
[0.716s] adding license file 'LICENSE'
[0.716s] writing manifest file '../../build/puzzlebot_real_robot/puzzlebot_real_robot.egg-info/SOURCES.txt'
[0.716s] running build
[0.716s] running build_py
[0.716s] copying puzzlebot_real_robot/puzzlebot_joint_state_publisher.py -> /home/itzelh/puzzlebot_JuanMa_ws/build/puzzlebot_real_robot/build/lib/puzzlebot_real_robot
[0.717s] copying puzzlebot_real_robot/puzzlebot_localization.py -> /home/itzelh/puzzlebot_JuanMa_ws/build/puzzlebot_real_robot/build/lib/puzzlebot_real_robot
[0.717s] copying puzzlebot_real_robot/utils/__init__.py -> /home/itzelh/puzzlebot_JuanMa_ws/build/puzzlebot_real_robot/build/lib/puzzlebot_real_robot/utils
[0.717s] running install
[0.717s] running install_lib
[0.718s] copying /home/itzelh/puzzlebot_JuanMa_ws/build/puzzlebot_real_robot/build/lib/puzzlebot_real_robot/utils/__init__.py -> /home/itzelh/puzzlebot_JuanMa_ws/install/puzzlebot_real_robot/lib/python3.10/site-packages/puzzlebot_real_robot/utils
[0.718s] copying /home/itzelh/puzzlebot_JuanMa_ws/build/puzzlebot_real_robot/build/lib/puzzlebot_real_robot/puzzlebot_joint_state_publisher.py -> /home/itzelh/puzzlebot_JuanMa_ws/install/puzzlebot_real_robot/lib/python3.10/site-packages/puzzlebot_real_robot
[0.719s] copying /home/itzelh/puzzlebot_JuanMa_ws/build/puzzlebot_real_robot/build/lib/puzzlebot_real_robot/puzzlebot_localization.py -> /home/itzelh/puzzlebot_JuanMa_ws/install/puzzlebot_real_robot/lib/python3.10/site-packages/puzzlebot_real_robot
[0.719s] byte-compiling /home/itzelh/puzzlebot_JuanMa_ws/install/puzzlebot_real_robot/lib/python3.10/site-packages/puzzlebot_real_robot/utils/__init__.py to __init__.cpython-310.pyc
[0.719s] byte-compiling /home/itzelh/puzzlebot_JuanMa_ws/install/puzzlebot_real_robot/lib/python3.10/site-packages/puzzlebot_real_robot/puzzlebot_joint_state_publisher.py to puzzlebot_joint_state_publisher.cpython-310.pyc
[0.720s] byte-compiling /home/itzelh/puzzlebot_JuanMa_ws/install/puzzlebot_real_robot/lib/python3.10/site-packages/puzzlebot_real_robot/puzzlebot_localization.py to puzzlebot_localization.cpython-310.pyc
[0.721s] running install_data
[0.721s] copying launch/robot.launch.py -> /home/itzelh/puzzlebot_JuanMa_ws/install/puzzlebot_real_robot/share/puzzlebot_real_robot/launch
[0.721s] running install_egg_info
[0.723s] removing '/home/itzelh/puzzlebot_JuanMa_ws/install/puzzlebot_real_robot/lib/python3.10/site-packages/puzzlebot_real_robot-0.0.0-py3.10.egg-info' (and everything under it)
[0.723s] Copying ../../build/puzzlebot_real_robot/puzzlebot_real_robot.egg-info to /home/itzelh/puzzlebot_JuanMa_ws/install/puzzlebot_real_robot/lib/python3.10/site-packages/puzzlebot_real_robot-0.0.0-py3.10.egg-info
[0.724s] running install_scripts
[0.739s] Installing puzzlebot_joint_state_publisher script to /home/itzelh/puzzlebot_JuanMa_ws/install/puzzlebot_real_robot/lib/puzzlebot_real_robot
[0.739s] Installing puzzlebot_localization script to /home/itzelh/puzzlebot_JuanMa_ws/install/puzzlebot_real_robot/lib/puzzlebot_real_robot
[0.739s] writing list of installed files to '/home/itzelh/puzzlebot_JuanMa_ws/build/puzzlebot_real_robot/install.log'
[0.759s] Invoked command in '/home/itzelh/puzzlebot_JuanMa_ws/src/puzzlebot_real_robot' returned '0': PYTHONPATH=/home/itzelh/puzzlebot_JuanMa_ws/build/puzzlebot_real_robot/prefix_override:/usr/lib/python3/dist-packages/colcon_core/task/python/colcon_distutils_commands:/home/itzelh/puzzlebot_JuanMa_ws/install/puzzlebot_real_robot/lib/python3.10/site-packages:${PYTHONPATH} /usr/bin/python3 -W ignore:setup.py install is deprecated -W ignore:easy_install command is deprecated setup.py egg_info --egg-base ../../build/puzzlebot_real_robot build --build-base /home/itzelh/puzzlebot_JuanMa_ws/build/puzzlebot_real_robot/build install --record /home/itzelh/puzzlebot_JuanMa_ws/build/puzzlebot_real_robot/install.log --single-version-externally-managed install_data
