running egg_info
creating ../../build/puzzlebot_real_robot/puzzlebot_real_robot.egg-info
writing ../../build/puzzlebot_real_robot/puzzlebot_real_robot.egg-info/PKG-INFO
writing dependency_links to ../../build/puzzlebot_real_robot/puzzlebot_real_robot.egg-info/dependency_links.txt
writing entry points to ../../build/puzzlebot_real_robot/puzzlebot_real_robot.egg-info/entry_points.txt
writing requirements to ../../build/puzzlebot_real_robot/puzzlebot_real_robot.egg-info/requires.txt
writing top-level names to ../../build/puzzlebot_real_robot/puzzlebot_real_robot.egg-info/top_level.txt
writing manifest file '../../build/puzzlebot_real_robot/puzzlebot_real_robot.egg-info/SOURCES.txt'
reading manifest file '../../build/puzzlebot_real_robot/puzzlebot_real_robot.egg-info/SOURCES.txt'
adding license file 'LICENSE'
writing manifest file '../../build/puzzlebot_real_robot/puzzlebot_real_robot.egg-info/SOURCES.txt'
running build
running build_py
creating /home/itzelh/puzzlebot_JuanMa_ws/build/puzzlebot_real_robot/build
creating /home/itzelh/puzzlebot_JuanMa_ws/build/puzzlebot_real_robot/build/lib
creating /home/itzelh/puzzlebot_JuanMa_ws/build/puzzlebot_real_robot/build/lib/puzzlebot_real_robot
copying puzzlebot_real_robot/puzzlebot_joint_state_publisher.py -> /home/itzelh/puzzlebot_JuanMa_ws/build/puzzlebot_real_robot/build/lib/puzzlebot_real_robot
copying puzzlebot_real_robot/__init__.py -> /home/itzelh/puzzlebot_JuanMa_ws/build/puzzlebot_real_robot/build/lib/puzzlebot_real_robot
copying puzzlebot_real_robot/puzzlebot_localization.py -> /home/itzelh/puzzlebot_JuanMa_ws/build/puzzlebot_real_robot/build/lib/puzzlebot_real_robot
creating /home/itzelh/puzzlebot_JuanMa_ws/build/puzzlebot_real_robot/build/lib/puzzlebot_real_robot/utils
copying puzzlebot_real_robot/utils/__init__.py -> /home/itzelh/puzzlebot_JuanMa_ws/build/puzzlebot_real_robot/build/lib/puzzlebot_real_robot/utils
copying puzzlebot_real_robot/utils/puzzlebot_kinematics.py -> /home/itzelh/puzzlebot_JuanMa_ws/build/puzzlebot_real_robot/build/lib/puzzlebot_real_robot/utils
running install
running install_lib
creating /home/itzelh/puzzlebot_JuanMa_ws/install/puzzlebot_real_robot/lib/python3.10/site-packages/puzzlebot_real_robot
creating /home/itzelh/puzzlebot_JuanMa_ws/install/puzzlebot_real_robot/lib/python3.10/site-packages/puzzlebot_real_robot/utils
copying /home/itzelh/puzzlebot_JuanMa_ws/build/puzzlebot_real_robot/build/lib/puzzlebot_real_robot/utils/__init__.py -> /home/itzelh/puzzlebot_JuanMa_ws/install/puzzlebot_real_robot/lib/python3.10/site-packages/puzzlebot_real_robot/utils
copying /home/itzelh/puzzlebot_JuanMa_ws/build/puzzlebot_real_robot/build/lib/puzzlebot_real_robot/utils/puzzlebot_kinematics.py -> /home/itzelh/puzzlebot_JuanMa_ws/install/puzzlebot_real_robot/lib/python3.10/site-packages/puzzlebot_real_robot/utils
copying /home/itzelh/puzzlebot_JuanMa_ws/build/puzzlebot_real_robot/build/lib/puzzlebot_real_robot/puzzlebot_joint_state_publisher.py -> /home/itzelh/puzzlebot_JuanMa_ws/install/puzzlebot_real_robot/lib/python3.10/site-packages/puzzlebot_real_robot
copying /home/itzelh/puzzlebot_JuanMa_ws/build/puzzlebot_real_robot/build/lib/puzzlebot_real_robot/__init__.py -> /home/itzelh/puzzlebot_JuanMa_ws/install/puzzlebot_real_robot/lib/python3.10/site-packages/puzzlebot_real_robot
copying /home/itzelh/puzzlebot_JuanMa_ws/build/puzzlebot_real_robot/build/lib/puzzlebot_real_robot/puzzlebot_localization.py -> /home/itzelh/puzzlebot_JuanMa_ws/install/puzzlebot_real_robot/lib/python3.10/site-packages/puzzlebot_real_robot
byte-compiling /home/itzelh/puzzlebot_JuanMa_ws/install/puzzlebot_real_robot/lib/python3.10/site-packages/puzzlebot_real_robot/utils/__init__.py to __init__.cpython-310.pyc
byte-compiling /home/itzelh/puzzlebot_JuanMa_ws/install/puzzlebot_real_robot/lib/python3.10/site-packages/puzzlebot_real_robot/utils/puzzlebot_kinematics.py to puzzlebot_kinematics.cpython-310.pyc
byte-compiling /home/itzelh/puzzlebot_JuanMa_ws/install/puzzlebot_real_robot/lib/python3.10/site-packages/puzzlebot_real_robot/puzzlebot_joint_state_publisher.py to puzzlebot_joint_state_publisher.cpython-310.pyc
byte-compiling /home/itzelh/puzzlebot_JuanMa_ws/install/puzzlebot_real_robot/lib/python3.10/site-packages/puzzlebot_real_robot/__init__.py to __init__.cpython-310.pyc
byte-compiling /home/itzelh/puzzlebot_JuanMa_ws/install/puzzlebot_real_robot/lib/python3.10/site-packages/puzzlebot_real_robot/puzzlebot_localization.py to puzzlebot_localization.cpython-310.pyc
running install_data
creating /home/itzelh/puzzlebot_JuanMa_ws/install/puzzlebot_real_robot/share/ament_index
creating /home/itzelh/puzzlebot_JuanMa_ws/install/puzzlebot_real_robot/share/ament_index/resource_index
creating /home/itzelh/puzzlebot_JuanMa_ws/install/puzzlebot_real_robot/share/ament_index/resource_index/packages
copying resource/puzzlebot_real_robot -> /home/itzelh/puzzlebot_JuanMa_ws/install/puzzlebot_real_robot/share/ament_index/resource_index/packages
copying package.xml -> /home/itzelh/puzzlebot_JuanMa_ws/install/puzzlebot_real_robot/share/puzzlebot_real_robot
creating /home/itzelh/puzzlebot_JuanMa_ws/install/puzzlebot_real_robot/share/puzzlebot_real_robot/launch
copying launch/lidar.launch.py -> /home/itzelh/puzzlebot_JuanMa_ws/install/puzzlebot_real_robot/share/puzzlebot_real_robot/launch
copying launch/robot.launch.py -> /home/itzelh/puzzlebot_JuanMa_ws/install/puzzlebot_real_robot/share/puzzlebot_real_robot/launch
creating /home/itzelh/puzzlebot_JuanMa_ws/install/puzzlebot_real_robot/share/puzzlebot_real_robot/config
copying config/puzzlebot_params.yaml -> /home/itzelh/puzzlebot_JuanMa_ws/install/puzzlebot_real_robot/share/puzzlebot_real_robot/config
creating /home/itzelh/puzzlebot_JuanMa_ws/install/puzzlebot_real_robot/share/puzzlebot_real_robot/urdf
copying urdf/puzzlebot.urdf -> /home/itzelh/puzzlebot_JuanMa_ws/install/puzzlebot_real_robot/share/puzzlebot_real_robot/urdf
running install_egg_info
Copying ../../build/puzzlebot_real_robot/puzzlebot_real_robot.egg-info to /home/itzelh/puzzlebot_JuanMa_ws/install/puzzlebot_real_robot/lib/python3.10/site-packages/puzzlebot_real_robot-0.0.0-py3.10.egg-info
running install_scripts
Installing puzzlebot_joint_state_publisher script to /home/itzelh/puzzlebot_JuanMa_ws/install/puzzlebot_real_robot/lib/puzzlebot_real_robot
Installing puzzlebot_localization script to /home/itzelh/puzzlebot_JuanMa_ws/install/puzzlebot_real_robot/lib/puzzlebot_real_robot
writing list of installed files to '/home/itzelh/puzzlebot_JuanMa_ws/build/puzzlebot_real_robot/install.log'
