[0.565s] Invoking command in '/home/itzelh/puzzlebot_JuanMa_ws/src/puzzlebot_real_robot': PYTHONPATH=/home/itzelh/puzzlebot_JuanMa_ws/build/puzzlebot_real_robot/prefix_override:/usr/lib/python3/dist-packages/colcon_core/task/python/colcon_distutils_commands:/home/itzelh/puzzlebot_JuanMa_ws/install/puzzlebot_real_robot/lib/python3.10/site-packages:${PYTHONPATH} /usr/bin/python3 -W ignore:setup.py install is deprecated -W ignore:easy_install command is deprecated setup.py egg_info --egg-base ../../build/puzzlebot_real_robot build --build-base /home/itzelh/puzzlebot_JuanMa_ws/build/puzzlebot_real_robot/build install --record /home/itzelh/puzzlebot_JuanMa_ws/build/puzzlebot_real_robot/install.log --single-version-externally-managed install_data
[0.783s] running egg_info
[0.783s] creating ../../build/puzzlebot_real_robot/puzzlebot_real_robot.egg-info
[0.784s] writing ../../build/puzzlebot_real_robot/puzzlebot_real_robot.egg-info/PKG-INFO
[0.784s] writing dependency_links to ../../build/puzzlebot_real_robot/puzzlebot_real_robot.egg-info/dependency_links.txt
[0.784s] writing entry points to ../../build/puzzlebot_real_robot/puzzlebot_real_robot.egg-info/entry_points.txt
[0.784s] writing requirements to ../../build/puzzlebot_real_robot/puzzlebot_real_robot.egg-info/requires.txt
[0.784s] writing top-level names to ../../build/puzzlebot_real_robot/puzzlebot_real_robot.egg-info/top_level.txt
[0.784s] writing manifest file '../../build/puzzlebot_real_robot/puzzlebot_real_robot.egg-info/SOURCES.txt'
[0.785s] reading manifest file '../../build/puzzlebot_real_robot/puzzlebot_real_robot.egg-info/SOURCES.txt'
[0.786s] adding license file 'LICENSE'
[0.786s] writing manifest file '../../build/puzzlebot_real_robot/puzzlebot_real_robot.egg-info/SOURCES.txt'
[0.787s] running build
[0.787s] running build_py
[0.787s] creating /home/itzelh/puzzlebot_JuanMa_ws/build/puzzlebot_real_robot/build
[0.787s] creating /home/itzelh/puzzlebot_JuanMa_ws/build/puzzlebot_real_robot/build/lib
[0.787s] creating /home/itzelh/puzzlebot_JuanMa_ws/build/puzzlebot_real_robot/build/lib/puzzlebot_real_robot
[0.787s] copying puzzlebot_real_robot/puzzlebot_joint_state_publisher.py -> /home/itzelh/puzzlebot_JuanMa_ws/build/puzzlebot_real_robot/build/lib/puzzlebot_real_robot
[0.787s] copying puzzlebot_real_robot/__init__.py -> /home/itzelh/puzzlebot_JuanMa_ws/build/puzzlebot_real_robot/build/lib/puzzlebot_real_robot
[0.787s] copying puzzlebot_real_robot/puzzlebot_localization.py -> /home/itzelh/puzzlebot_JuanMa_ws/build/puzzlebot_real_robot/build/lib/puzzlebot_real_robot
[0.787s] creating /home/itzelh/puzzlebot_JuanMa_ws/build/puzzlebot_real_robot/build/lib/puzzlebot_real_robot/utils
[0.787s] copying puzzlebot_real_robot/utils/__init__.py -> /home/itzelh/puzzlebot_JuanMa_ws/build/puzzlebot_real_robot/build/lib/puzzlebot_real_robot/utils
[0.787s] copying puzzlebot_real_robot/utils/puzzlebot_kinematics.py -> /home/itzelh/puzzlebot_JuanMa_ws/build/puzzlebot_real_robot/build/lib/puzzlebot_real_robot/utils
[0.788s] running install
[0.788s] running install_lib
[0.788s] creating /home/itzelh/puzzlebot_JuanMa_ws/install/puzzlebot_real_robot/lib/python3.10/site-packages/puzzlebot_real_robot
[0.789s] creating /home/itzelh/puzzlebot_JuanMa_ws/install/puzzlebot_real_robot/lib/python3.10/site-packages/puzzlebot_real_robot/utils
[0.789s] copying /home/itzelh/puzzlebot_JuanMa_ws/build/puzzlebot_real_robot/build/lib/puzzlebot_real_robot/utils/__init__.py -> /home/itzelh/puzzlebot_JuanMa_ws/install/puzzlebot_real_robot/lib/python3.10/site-packages/puzzlebot_real_robot/utils
[0.789s] copying /home/itzelh/puzzlebot_JuanMa_ws/build/puzzlebot_real_robot/build/lib/puzzlebot_real_robot/utils/puzzlebot_kinematics.py -> /home/itzelh/puzzlebot_JuanMa_ws/install/puzzlebot_real_robot/lib/python3.10/site-packages/puzzlebot_real_robot/utils
[0.789s] copying /home/itzelh/puzzlebot_JuanMa_ws/build/puzzlebot_real_robot/build/lib/puzzlebot_real_robot/puzzlebot_joint_state_publisher.py -> /home/itzelh/puzzlebot_JuanMa_ws/install/puzzlebot_real_robot/lib/python3.10/site-packages/puzzlebot_real_robot
[0.789s] copying /home/itzelh/puzzlebot_JuanMa_ws/build/puzzlebot_real_robot/build/lib/puzzlebot_real_robot/__init__.py -> /home/itzelh/puzzlebot_JuanMa_ws/install/puzzlebot_real_robot/lib/python3.10/site-packages/puzzlebot_real_robot
[0.789s] copying /home/itzelh/puzzlebot_JuanMa_ws/build/puzzlebot_real_robot/build/lib/puzzlebot_real_robot/puzzlebot_localization.py -> /home/itzelh/puzzlebot_JuanMa_ws/install/puzzlebot_real_robot/lib/python3.10/site-packages/puzzlebot_real_robot
[0.789s] byte-compiling /home/itzelh/puzzlebot_JuanMa_ws/install/puzzlebot_real_robot/lib/python3.10/site-packages/puzzlebot_real_robot/utils/__init__.py to __init__.cpython-310.pyc
[0.790s] byte-compiling /home/itzelh/puzzlebot_JuanMa_ws/install/puzzlebot_real_robot/lib/python3.10/site-packages/puzzlebot_real_robot/utils/puzzlebot_kinematics.py to puzzlebot_kinematics.cpython-310.pyc
[0.790s] byte-compiling /home/itzelh/puzzlebot_JuanMa_ws/install/puzzlebot_real_robot/lib/python3.10/site-packages/puzzlebot_real_robot/puzzlebot_joint_state_publisher.py to puzzlebot_joint_state_publisher.cpython-310.pyc
[0.791s] byte-compiling /home/itzelh/puzzlebot_JuanMa_ws/install/puzzlebot_real_robot/lib/python3.10/site-packages/puzzlebot_real_robot/__init__.py to __init__.cpython-310.pyc
[0.791s] byte-compiling /home/itzelh/puzzlebot_JuanMa_ws/install/puzzlebot_real_robot/lib/python3.10/site-packages/puzzlebot_real_robot/puzzlebot_localization.py to puzzlebot_localization.cpython-310.pyc
[0.792s] running install_data
[0.792s] creating /home/itzelh/puzzlebot_JuanMa_ws/install/puzzlebot_real_robot/share/ament_index
[0.792s] creating /home/itzelh/puzzlebot_JuanMa_ws/install/puzzlebot_real_robot/share/ament_index/resource_index
[0.792s] creating /home/itzelh/puzzlebot_JuanMa_ws/install/puzzlebot_real_robot/share/ament_index/resource_index/packages
[0.792s] copying resource/puzzlebot_real_robot -> /home/itzelh/puzzlebot_JuanMa_ws/install/puzzlebot_real_robot/share/ament_index/resource_index/packages
[0.792s] copying package.xml -> /home/itzelh/puzzlebot_JuanMa_ws/install/puzzlebot_real_robot/share/puzzlebot_real_robot
[0.792s] creating /home/itzelh/puzzlebot_JuanMa_ws/install/puzzlebot_real_robot/share/puzzlebot_real_robot/launch
[0.792s] copying launch/lidar.launch.py -> /home/itzelh/puzzlebot_JuanMa_ws/install/puzzlebot_real_robot/share/puzzlebot_real_robot/launch
[0.792s] copying launch/robot.launch.py -> /home/itzelh/puzzlebot_JuanMa_ws/install/puzzlebot_real_robot/share/puzzlebot_real_robot/launch
[0.792s] creating /home/itzelh/puzzlebot_JuanMa_ws/install/puzzlebot_real_robot/share/puzzlebot_real_robot/config
[0.793s] copying config/puzzlebot_params.yaml -> /home/itzelh/puzzlebot_JuanMa_ws/install/puzzlebot_real_robot/share/puzzlebot_real_robot/config
[0.793s] creating /home/itzelh/puzzlebot_JuanMa_ws/install/puzzlebot_real_robot/share/puzzlebot_real_robot/urdf
[0.793s] copying urdf/puzzlebot.urdf -> /home/itzelh/puzzlebot_JuanMa_ws/install/puzzlebot_real_robot/share/puzzlebot_real_robot/urdf
[0.793s] running install_egg_info
[0.794s] Copying ../../build/puzzlebot_real_robot/puzzlebot_real_robot.egg-info to /home/itzelh/puzzlebot_JuanMa_ws/install/puzzlebot_real_robot/lib/python3.10/site-packages/puzzlebot_real_robot-0.0.0-py3.10.egg-info
[0.795s] running install_scripts
[0.815s] Installing puzzlebot_joint_state_publisher script to /home/itzelh/puzzlebot_JuanMa_ws/install/puzzlebot_real_robot/lib/puzzlebot_real_robot
[0.815s] Installing puzzlebot_localization script to /home/itzelh/puzzlebot_JuanMa_ws/install/puzzlebot_real_robot/lib/puzzlebot_real_robot
[0.816s] writing list of installed files to '/home/itzelh/puzzlebot_JuanMa_ws/build/puzzlebot_real_robot/install.log'
[0.835s] Invoked command in '/home/itzelh/puzzlebot_JuanMa_ws/src/puzzlebot_real_robot' returned '0': PYTHONPATH=/home/itzelh/puzzlebot_JuanMa_ws/build/puzzlebot_real_robot/prefix_override:/usr/lib/python3/dist-packages/colcon_core/task/python/colcon_distutils_commands:/home/itzelh/puzzlebot_JuanMa_ws/install/puzzlebot_real_robot/lib/python3.10/site-packages:${PYTHONPATH} /usr/bin/python3 -W ignore:setup.py install is deprecated -W ignore:easy_install command is deprecated setup.py egg_info --egg-base ../../build/puzzlebot_real_robot build --build-base /home/itzelh/puzzlebot_JuanMa_ws/build/puzzlebot_real_robot/build install --record /home/itzelh/puzzlebot_JuanMa_ws/build/puzzlebot_real_robot/install.log --single-version-externally-managed install_data
