/home/itzelh/puzzlebot_JuanMa_ws/install/puzzlebot_real_robot/lib/python3.10/site-packages/puzzlebot_real_robot/puzzlebot_joint_state_publisher.py
/home/itzelh/puzzlebot_JuanMa_ws/install/puzzlebot_real_robot/lib/python3.10/site-packages/puzzlebot_real_robot/__init__.py
/home/itzelh/puzzlebot_JuanMa_ws/install/puzzlebot_real_robot/lib/python3.10/site-packages/puzzlebot_real_robot/puzzlebot_localization.py
/home/itzelh/puzzlebot_JuanMa_ws/install/puzzlebot_real_robot/lib/python3.10/site-packages/puzzlebot_real_robot/utils/__init__.py
/home/itzelh/puzzlebot_JuanMa_ws/install/puzzlebot_real_robot/lib/python3.10/site-packages/puzzlebot_real_robot/utils/puzzlebot_kinematics.py
/home/itzelh/puzzlebot_JuanMa_ws/install/puzzlebot_real_robot/lib/python3.10/site-packages/puzzlebot_real_robot/__pycache__/puzzlebot_joint_state_publisher.cpython-310.pyc
/home/itzelh/puzzlebot_JuanMa_ws/install/puzzlebot_real_robot/lib/python3.10/site-packages/puzzlebot_real_robot/__pycache__/__init__.cpython-310.pyc
/home/itzelh/puzzlebot_JuanMa_ws/install/puzzlebot_real_robot/lib/python3.10/site-packages/puzzlebot_real_robot/__pycache__/puzzlebot_localization.cpython-310.pyc
/home/itzelh/puzzlebot_JuanMa_ws/install/puzzlebot_real_robot/lib/python3.10/site-packages/puzzlebot_real_robot/utils/__pycache__/__init__.cpython-310.pyc
/home/itzelh/puzzlebot_JuanMa_ws/install/puzzlebot_real_robot/lib/python3.10/site-packages/puzzlebot_real_robot/utils/__pycache__/puzzlebot_kinematics.cpython-310.pyc
/home/itzelh/puzzlebot_JuanMa_ws/install/puzzlebot_real_robot/share/ament_index/resource_index/packages/puzzlebot_real_robot
/home/itzelh/puzzlebot_JuanMa_ws/install/puzzlebot_real_robot/share/puzzlebot_real_robot/package.xml
/home/itzelh/puzzlebot_JuanMa_ws/install/puzzlebot_real_robot/share/puzzlebot_real_robot/launch/lidar.launch.py
/home/itzelh/puzzlebot_JuanMa_ws/install/puzzlebot_real_robot/share/puzzlebot_real_robot/launch/robot.launch.py
/home/itzelh/puzzlebot_JuanMa_ws/install/puzzlebot_real_robot/share/puzzlebot_real_robot/config/puzzlebot_params.yaml
/home/itzelh/puzzlebot_JuanMa_ws/install/puzzlebot_real_robot/share/puzzlebot_real_robot/urdf/puzzlebot.urdf
/home/itzelh/puzzlebot_JuanMa_ws/install/puzzlebot_real_robot/lib/python3.10/site-packages/puzzlebot_real_robot-0.0.0-py3.10.egg-info/top_level.txt
/home/itzelh/puzzlebot_JuanMa_ws/install/puzzlebot_real_robot/lib/python3.10/site-packages/puzzlebot_real_robot-0.0.0-py3.10.egg-info/requires.txt
/home/itzelh/puzzlebot_JuanMa_ws/install/puzzlebot_real_robot/lib/python3.10/site-packages/puzzlebot_real_robot-0.0.0-py3.10.egg-info/PKG-INFO
/home/itzelh/puzzlebot_JuanMa_ws/install/puzzlebot_real_robot/lib/python3.10/site-packages/puzzlebot_real_robot-0.0.0-py3.10.egg-info/SOURCES.txt
/home/itzelh/puzzlebot_JuanMa_ws/install/puzzlebot_real_robot/lib/python3.10/site-packages/puzzlebot_real_robot-0.0.0-py3.10.egg-info/zip-safe
/home/itzelh/puzzlebot_JuanMa_ws/install/puzzlebot_real_robot/lib/python3.10/site-packages/puzzlebot_real_robot-0.0.0-py3.10.egg-info/dependency_links.txt
/home/itzelh/puzzlebot_JuanMa_ws/install/puzzlebot_real_robot/lib/python3.10/site-packages/puzzlebot_real_robot-0.0.0-py3.10.egg-info/entry_points.txt
/home/itzelh/puzzlebot_JuanMa_ws/install/puzzlebot_real_robot/lib/puzzlebot_real_robot/puzzlebot_joint_state_publisher
/home/itzelh/puzzlebot_JuanMa_ws/install/puzzlebot_real_robot/lib/puzzlebot_real_robot/puzzlebot_localization
