[0.513s] Invoking command in '/home/itzelh/puzzlebot_JuanMa_ws/build/puzzlebot_real_robot': PYTHONPATH=/home/itzelh/puzzlebot_JuanMa_ws/build/puzzlebot_real_robot/prefix_override:/usr/lib/python3/dist-packages/colcon_core/task/python/colcon_distutils_commands:/home/itzelh/puzzlebot_JuanMa_ws/install/puzzlebot_real_robot/lib/python3.10/site-packages:${PYTHONPATH} /usr/bin/python3 -W ignore:setup.py install is deprecated -W ignore:easy_install command is deprecated setup.py develop --editable --build-directory /home/itzelh/puzzlebot_JuanMa_ws/build/puzzlebot_real_robot/build --no-deps symlink_data
[0.698s] running develop
[0.819s] running egg_info
[0.819s] creating puzzlebot_real_robot.egg-info
[0.819s] writing puzzlebot_real_robot.egg-info/PKG-INFO
[0.819s] writing dependency_links to puzzlebot_real_robot.egg-info/dependency_links.txt
[0.819s] writing entry points to puzzlebot_real_robot.egg-info/entry_points.txt
[0.819s] writing requirements to puzzlebot_real_robot.egg-info/requires.txt
[0.819s] writing top-level names to puzzlebot_real_robot.egg-info/top_level.txt
[0.819s] writing manifest file 'puzzlebot_real_robot.egg-info/SOURCES.txt'
[0.821s] reading manifest file 'puzzlebot_real_robot.egg-info/SOURCES.txt'
[0.821s] writing manifest file 'puzzlebot_real_robot.egg-info/SOURCES.txt'
[0.822s] running build_ext
[0.822s] Creating /home/itzelh/puzzlebot_JuanMa_ws/install/puzzlebot_real_robot/lib/python3.10/site-packages/puzzlebot-real-robot.egg-link (link to .)
[0.823s] Installing puzzlebot_joint_state_publisher script to /home/itzelh/puzzlebot_JuanMa_ws/install/puzzlebot_real_robot/lib/puzzlebot_real_robot
[0.823s] Installing puzzlebot_localization script to /home/itzelh/puzzlebot_JuanMa_ws/install/puzzlebot_real_robot/lib/puzzlebot_real_robot
[0.823s] 
[0.823s] Installed /home/itzelh/puzzlebot_JuanMa_ws/build/puzzlebot_real_robot
[0.823s] running symlink_data
[0.823s] creating /home/itzelh/puzzlebot_JuanMa_ws/install/puzzlebot_real_robot/share/ament_index
[0.823s] creating /home/itzelh/puzzlebot_JuanMa_ws/install/puzzlebot_real_robot/share/ament_index/resource_index
[0.823s] creating /home/itzelh/puzzlebot_JuanMa_ws/install/puzzlebot_real_robot/share/ament_index/resource_index/packages
[0.823s] symbolically linking /home/itzelh/puzzlebot_JuanMa_ws/build/puzzlebot_real_robot/resource/puzzlebot_real_robot -> /home/itzelh/puzzlebot_JuanMa_ws/install/puzzlebot_real_robot/share/ament_index/resource_index/packages
[0.823s] symbolically linking /home/itzelh/puzzlebot_JuanMa_ws/build/puzzlebot_real_robot/package.xml -> /home/itzelh/puzzlebot_JuanMa_ws/install/puzzlebot_real_robot/share/puzzlebot_real_robot
[0.823s] creating /home/itzelh/puzzlebot_JuanMa_ws/install/puzzlebot_real_robot/share/puzzlebot_real_robot/launch
[0.823s] symbolically linking /home/itzelh/puzzlebot_JuanMa_ws/build/puzzlebot_real_robot/launch/lidar.launch.py -> /home/itzelh/puzzlebot_JuanMa_ws/install/puzzlebot_real_robot/share/puzzlebot_real_robot/launch
[0.823s] symbolically linking /home/itzelh/puzzlebot_JuanMa_ws/build/puzzlebot_real_robot/launch/robot.launch.py -> /home/itzelh/puzzlebot_JuanMa_ws/install/puzzlebot_real_robot/share/puzzlebot_real_robot/launch
[0.823s] creating /home/itzelh/puzzlebot_JuanMa_ws/install/puzzlebot_real_robot/share/puzzlebot_real_robot/config
[0.823s] symbolically linking /home/itzelh/puzzlebot_JuanMa_ws/build/puzzlebot_real_robot/config/puzzlebot_params.yaml -> /home/itzelh/puzzlebot_JuanMa_ws/install/puzzlebot_real_robot/share/puzzlebot_real_robot/config
[0.823s] creating /home/itzelh/puzzlebot_JuanMa_ws/install/puzzlebot_real_robot/share/puzzlebot_real_robot/urdf
[0.824s] symbolically linking /home/itzelh/puzzlebot_JuanMa_ws/build/puzzlebot_real_robot/urdf/puzzlebot.urdf -> /home/itzelh/puzzlebot_JuanMa_ws/install/puzzlebot_real_robot/share/puzzlebot_real_robot/urdf
[0.846s] Invoked command in '/home/itzelh/puzzlebot_JuanMa_ws/build/puzzlebot_real_robot' returned '0': PYTHONPATH=/home/itzelh/puzzlebot_JuanMa_ws/build/puzzlebot_real_robot/prefix_override:/usr/lib/python3/dist-packages/colcon_core/task/python/colcon_distutils_commands:/home/itzelh/puzzlebot_JuanMa_ws/install/puzzlebot_real_robot/lib/python3.10/site-packages:${PYTHONPATH} /usr/bin/python3 -W ignore:setup.py install is deprecated -W ignore:easy_install command is deprecated setup.py develop --editable --build-directory /home/itzelh/puzzlebot_JuanMa_ws/build/puzzlebot_real_robot/build --no-deps symlink_data
