[0.071s] DEBUG:colcon:Command line arguments: ['/usr/bin/colcon', 'build', '--packages-select', 'puzzlebot_navigation2', '--symlink-install']
[0.071s] DEBUG:colcon:Parsed command line arguments: Namespace(log_base=None, log_level=None, verb_name='build', build_base='build', install_base='install', merge_install=False, symlink_install=True, test_result_base=None, continue_on_error=False, executor='parallel', parallel_workers=12, event_handlers=None, ignore_user_meta=False, metas=['./colcon.meta'], base_paths=['.'], packages_ignore=None, packages_ignore_regex=None, paths=None, packages_up_to=None, packages_up_to_regex=None, packages_above=None, packages_above_and_dependencies=None, packages_above_depth=None, packages_select_by_dep=None, packages_skip_by_dep=None, packages_skip_up_to=None, packages_select_build_failed=False, packages_skip_build_finished=False, packages_select_test_failures=False, packages_skip_test_passed=False, packages_select=['puzzlebot_navigation2'], packages_skip=None, packages_select_regex=None, packages_skip_regex=None, packages_start=None, packages_end=None, allow_overriding=[], cmake_args=None, cmake_target=None, cmake_target_skip_unavailable=False, cmake_clean_cache=False, cmake_clean_first=False, cmake_force_configure=False, ament_cmake_args=None, catkin_cmake_args=None, catkin_skip_building_tests=False, mixin_files=None, mixin=None, verb_parser=<colcon_mixin.mixin.mixin_argument.MixinArgumentDecorator object at 0x73d7fce5f610>, verb_extension=<colcon_core.verb.build.BuildVerb object at 0x73d7fce5ec80>, main=<bound method BuildVerb.main of <colcon_core.verb.build.BuildVerb object at 0x73d7fce5ec80>>, mixin_verb=('build',))
[0.182s] Level 1:colcon.colcon_core.package_discovery:discover_packages(colcon_meta) check parameters
[0.182s] Level 1:colcon.colcon_core.package_discovery:discover_packages(recursive) check parameters
[0.182s] Level 1:colcon.colcon_core.package_discovery:discover_packages(ignore) check parameters
[0.182s] Level 1:colcon.colcon_core.package_discovery:discover_packages(path) check parameters
[0.182s] Level 1:colcon.colcon_core.package_discovery:discover_packages(colcon_meta) discover
[0.182s] Level 1:colcon.colcon_core.package_discovery:discover_packages(recursive) discover
[0.182s] INFO:colcon.colcon_core.package_discovery:Crawling recursively for packages in '/home/itzelh/puzzlebot_JuanMa_ws'
[0.182s] Level 1:colcon.colcon_core.package_identification:_identify(.) by extensions ['ignore', 'ignore_ament_install']
[0.182s] Level 1:colcon.colcon_core.package_identification:_identify(.) by extension 'ignore'
[0.182s] Level 1:colcon.colcon_core.package_identification:_identify(.) by extension 'ignore_ament_install'
[0.182s] Level 1:colcon.colcon_core.package_identification:_identify(.) by extensions ['colcon_pkg']
[0.182s] Level 1:colcon.colcon_core.package_identification:_identify(.) by extension 'colcon_pkg'
[0.182s] Level 1:colcon.colcon_core.package_identification:_identify(.) by extensions ['colcon_meta']
[0.182s] Level 1:colcon.colcon_core.package_identification:_identify(.) by extension 'colcon_meta'
[0.182s] Level 1:colcon.colcon_core.package_identification:_identify(.) by extensions ['ros']
[0.182s] Level 1:colcon.colcon_core.package_identification:_identify(.) by extension 'ros'
[0.189s] Level 1:colcon.colcon_core.package_identification:_identify(.) by extensions ['cmake', 'python']
[0.189s] Level 1:colcon.colcon_core.package_identification:_identify(.) by extension 'cmake'
[0.189s] Level 1:colcon.colcon_core.package_identification:_identify(.) by extension 'python'
[0.189s] Level 1:colcon.colcon_core.package_identification:_identify(.) by extensions ['python_setup_py']
[0.189s] Level 1:colcon.colcon_core.package_identification:_identify(.) by extension 'python_setup_py'
[0.189s] Level 1:colcon.colcon_core.package_identification:_identify(build) by extensions ['ignore', 'ignore_ament_install']
[0.189s] Level 1:colcon.colcon_core.package_identification:_identify(build) by extension 'ignore'
[0.189s] Level 1:colcon.colcon_core.package_identification:_identify(build) ignored
[0.189s] Level 1:colcon.colcon_core.package_identification:_identify(install) by extensions ['ignore', 'ignore_ament_install']
[0.189s] Level 1:colcon.colcon_core.package_identification:_identify(install) by extension 'ignore'
[0.189s] Level 1:colcon.colcon_core.package_identification:_identify(install) ignored
[0.189s] Level 1:colcon.colcon_core.package_identification:_identify(log) by extensions ['ignore', 'ignore_ament_install']
[0.189s] Level 1:colcon.colcon_core.package_identification:_identify(log) by extension 'ignore'
[0.189s] Level 1:colcon.colcon_core.package_identification:_identify(log) ignored
[0.189s] Level 1:colcon.colcon_core.package_identification:_identify(src) by extensions ['ignore', 'ignore_ament_install']
[0.189s] Level 1:colcon.colcon_core.package_identification:_identify(src) by extension 'ignore'
[0.189s] Level 1:colcon.colcon_core.package_identification:_identify(src) by extension 'ignore_ament_install'
[0.190s] Level 1:colcon.colcon_core.package_identification:_identify(src) by extensions ['colcon_pkg']
[0.190s] Level 1:colcon.colcon_core.package_identification:_identify(src) by extension 'colcon_pkg'
[0.190s] Level 1:colcon.colcon_core.package_identification:_identify(src) by extensions ['colcon_meta']
[0.190s] Level 1:colcon.colcon_core.package_identification:_identify(src) by extension 'colcon_meta'
[0.190s] Level 1:colcon.colcon_core.package_identification:_identify(src) by extensions ['ros']
[0.190s] Level 1:colcon.colcon_core.package_identification:_identify(src) by extension 'ros'
[0.190s] Level 1:colcon.colcon_core.package_identification:_identify(src) by extensions ['cmake', 'python']
[0.190s] Level 1:colcon.colcon_core.package_identification:_identify(src) by extension 'cmake'
[0.190s] Level 1:colcon.colcon_core.package_identification:_identify(src) by extension 'python'
[0.190s] Level 1:colcon.colcon_core.package_identification:_identify(src) by extensions ['python_setup_py']
[0.190s] Level 1:colcon.colcon_core.package_identification:_identify(src) by extension 'python_setup_py'
[0.190s] Level 1:colcon.colcon_core.package_identification:_identify(src/puzzlebot_description) by extensions ['ignore', 'ignore_ament_install']
[0.190s] Level 1:colcon.colcon_core.package_identification:_identify(src/puzzlebot_description) by extension 'ignore'
[0.190s] Level 1:colcon.colcon_core.package_identification:_identify(src/puzzlebot_description) by extension 'ignore_ament_install'
[0.190s] Level 1:colcon.colcon_core.package_identification:_identify(src/puzzlebot_description) by extensions ['colcon_pkg']
[0.190s] Level 1:colcon.colcon_core.package_identification:_identify(src/puzzlebot_description) by extension 'colcon_pkg'
[0.190s] Level 1:colcon.colcon_core.package_identification:_identify(src/puzzlebot_description) by extensions ['colcon_meta']
[0.190s] Level 1:colcon.colcon_core.package_identification:_identify(src/puzzlebot_description) by extension 'colcon_meta'
[0.190s] Level 1:colcon.colcon_core.package_identification:_identify(src/puzzlebot_description) by extensions ['ros']
[0.190s] Level 1:colcon.colcon_core.package_identification:_identify(src/puzzlebot_description) by extension 'ros'
[0.192s] DEBUG:colcon.colcon_core.package_identification:Package 'src/puzzlebot_description' with type 'ros.ament_cmake' and name 'puzzlebot_description'
[0.192s] Level 1:colcon.colcon_core.package_identification:_identify(src/puzzlebot_gazebo) by extensions ['ignore', 'ignore_ament_install']
[0.192s] Level 1:colcon.colcon_core.package_identification:_identify(src/puzzlebot_gazebo) by extension 'ignore'
[0.192s] Level 1:colcon.colcon_core.package_identification:_identify(src/puzzlebot_gazebo) by extension 'ignore_ament_install'
[0.192s] Level 1:colcon.colcon_core.package_identification:_identify(src/puzzlebot_gazebo) by extensions ['colcon_pkg']
[0.192s] Level 1:colcon.colcon_core.package_identification:_identify(src/puzzlebot_gazebo) by extension 'colcon_pkg'
[0.192s] Level 1:colcon.colcon_core.package_identification:_identify(src/puzzlebot_gazebo) by extensions ['colcon_meta']
[0.192s] Level 1:colcon.colcon_core.package_identification:_identify(src/puzzlebot_gazebo) by extension 'colcon_meta'
[0.192s] Level 1:colcon.colcon_core.package_identification:_identify(src/puzzlebot_gazebo) by extensions ['ros']
[0.192s] Level 1:colcon.colcon_core.package_identification:_identify(src/puzzlebot_gazebo) by extension 'ros'
[0.192s] DEBUG:colcon.colcon_core.package_identification:Package 'src/puzzlebot_gazebo' with type 'ros.ament_cmake' and name 'puzzlebot_gazebo'
[0.192s] Level 1:colcon.colcon_core.package_identification:_identify(src/puzzlebot_navigation2) by extensions ['ignore', 'ignore_ament_install']
[0.192s] Level 1:colcon.colcon_core.package_identification:_identify(src/puzzlebot_navigation2) by extension 'ignore'
[0.192s] Level 1:colcon.colcon_core.package_identification:_identify(src/puzzlebot_navigation2) by extension 'ignore_ament_install'
[0.192s] Level 1:colcon.colcon_core.package_identification:_identify(src/puzzlebot_navigation2) by extensions ['colcon_pkg']
[0.192s] Level 1:colcon.colcon_core.package_identification:_identify(src/puzzlebot_navigation2) by extension 'colcon_pkg'
[0.192s] Level 1:colcon.colcon_core.package_identification:_identify(src/puzzlebot_navigation2) by extensions ['colcon_meta']
[0.192s] Level 1:colcon.colcon_core.package_identification:_identify(src/puzzlebot_navigation2) by extension 'colcon_meta'
[0.192s] Level 1:colcon.colcon_core.package_identification:_identify(src/puzzlebot_navigation2) by extensions ['ros']
[0.192s] Level 1:colcon.colcon_core.package_identification:_identify(src/puzzlebot_navigation2) by extension 'ros'
[0.193s] DEBUG:colcon.colcon_core.package_identification:Package 'src/puzzlebot_navigation2' with type 'ros.ament_cmake' and name 'puzzlebot_navigation2'
[0.193s] Level 1:colcon.colcon_core.package_identification:_identify(src/puzzlebot_real_robot) by extensions ['ignore', 'ignore_ament_install']
[0.193s] Level 1:colcon.colcon_core.package_identification:_identify(src/puzzlebot_real_robot) by extension 'ignore'
[0.193s] Level 1:colcon.colcon_core.package_identification:_identify(src/puzzlebot_real_robot) by extension 'ignore_ament_install'
[0.193s] Level 1:colcon.colcon_core.package_identification:_identify(src/puzzlebot_real_robot) by extensions ['colcon_pkg']
[0.193s] Level 1:colcon.colcon_core.package_identification:_identify(src/puzzlebot_real_robot) by extension 'colcon_pkg'
[0.193s] Level 1:colcon.colcon_core.package_identification:_identify(src/puzzlebot_real_robot) by extensions ['colcon_meta']
[0.193s] Level 1:colcon.colcon_core.package_identification:_identify(src/puzzlebot_real_robot) by extension 'colcon_meta'
[0.193s] Level 1:colcon.colcon_core.package_identification:_identify(src/puzzlebot_real_robot) by extensions ['ros']
[0.193s] Level 1:colcon.colcon_core.package_identification:_identify(src/puzzlebot_real_robot) by extension 'ros'
[0.195s] DEBUG:colcon.colcon_core.package_identification:Package 'src/puzzlebot_real_robot' with type 'ros.ament_python' and name 'puzzlebot_real_robot'
[0.195s] Level 1:colcon.colcon_core.package_discovery:discover_packages(recursive) using defaults
[0.195s] Level 1:colcon.colcon_core.package_discovery:discover_packages(ignore) discover
[0.195s] Level 1:colcon.colcon_core.package_discovery:discover_packages(ignore) using defaults
[0.195s] Level 1:colcon.colcon_core.package_discovery:discover_packages(path) discover
[0.195s] Level 1:colcon.colcon_core.package_discovery:discover_packages(path) using defaults
[0.216s] INFO:colcon.colcon_core.package_selection:Skipping not selected package 'puzzlebot_description' in 'src/puzzlebot_description'
[0.217s] INFO:colcon.colcon_core.package_selection:Skipping not selected package 'puzzlebot_real_robot' in 'src/puzzlebot_real_robot'
[0.217s] INFO:colcon.colcon_core.package_selection:Skipping not selected package 'puzzlebot_gazebo' in 'src/puzzlebot_gazebo'
[0.217s] Level 1:colcon.colcon_core.package_discovery:discover_packages(prefix_path) check parameters
[0.217s] Level 1:colcon.colcon_core.package_discovery:discover_packages(prefix_path) discover
[0.217s] WARNING:colcon.colcon_ros.prefix_path.ament:The path '/home/itzelh/puzzlebot_JuanMa_ws/install/sllidar_ros2' in the environment variable AMENT_PREFIX_PATH doesn't exist
[0.217s] WARNING:colcon.colcon_ros.prefix_path.catkin:The path '/home/itzelh/puzzlebot_JuanMa_ws/install/sllidar_ros2' in the environment variable CMAKE_PREFIX_PATH doesn't exist
[0.218s] DEBUG:colcon.colcon_installed_package_information.package_discovery:Found 4 installed packages in /home/itzelh/puzzlebot_JuanMa_ws/install
[0.218s] DEBUG:colcon.colcon_installed_package_information.package_discovery:Found 2 installed packages in /home/itzelh/ros2_ws/install
[0.219s] DEBUG:colcon.colcon_installed_package_information.package_discovery:Found 472 installed packages in /opt/ros/humble
[0.221s] Level 1:colcon.colcon_core.package_discovery:discover_packages(prefix_path) using defaults
[0.258s] Level 5:colcon.colcon_core.verb:set package 'puzzlebot_navigation2' build argument 'cmake_args' from command line to 'None'
[0.258s] Level 5:colcon.colcon_core.verb:set package 'puzzlebot_navigation2' build argument 'cmake_target' from command line to 'None'
[0.258s] Level 5:colcon.colcon_core.verb:set package 'puzzlebot_navigation2' build argument 'cmake_target_skip_unavailable' from command line to 'False'
[0.258s] Level 5:colcon.colcon_core.verb:set package 'puzzlebot_navigation2' build argument 'cmake_clean_cache' from command line to 'False'
[0.258s] Level 5:colcon.colcon_core.verb:set package 'puzzlebot_navigation2' build argument 'cmake_clean_first' from command line to 'False'
[0.258s] Level 5:colcon.colcon_core.verb:set package 'puzzlebot_navigation2' build argument 'cmake_force_configure' from command line to 'False'
[0.258s] Level 5:colcon.colcon_core.verb:set package 'puzzlebot_navigation2' build argument 'ament_cmake_args' from command line to 'None'
[0.258s] Level 5:colcon.colcon_core.verb:set package 'puzzlebot_navigation2' build argument 'catkin_cmake_args' from command line to 'None'
[0.258s] Level 5:colcon.colcon_core.verb:set package 'puzzlebot_navigation2' build argument 'catkin_skip_building_tests' from command line to 'False'
[0.258s] DEBUG:colcon.colcon_core.verb:Building package 'puzzlebot_navigation2' with the following arguments: {'ament_cmake_args': None, 'build_base': '/home/itzelh/puzzlebot_JuanMa_ws/build/puzzlebot_navigation2', 'catkin_cmake_args': None, 'catkin_skip_building_tests': False, 'cmake_args': None, 'cmake_clean_cache': False, 'cmake_clean_first': False, 'cmake_force_configure': False, 'cmake_target': None, 'cmake_target_skip_unavailable': False, 'install_base': '/home/itzelh/puzzlebot_JuanMa_ws/install/puzzlebot_navigation2', 'merge_install': False, 'path': '/home/itzelh/puzzlebot_JuanMa_ws/src/puzzlebot_navigation2', 'symlink_install': True, 'test_result_base': None}
[0.258s] INFO:colcon.colcon_core.executor:Executing jobs using 'parallel' executor
[0.259s] DEBUG:colcon.colcon_parallel_executor.executor.parallel:run_until_complete
[0.259s] INFO:colcon.colcon_ros.task.ament_cmake.build:Building ROS package in '/home/itzelh/puzzlebot_JuanMa_ws/src/puzzlebot_navigation2' with build type 'ament_cmake'
[0.259s] INFO:colcon.colcon_cmake.task.cmake.build:Building CMake package in '/home/itzelh/puzzlebot_JuanMa_ws/src/puzzlebot_navigation2'
[0.260s] INFO:colcon.colcon_core.plugin_system:Skipping extension 'colcon_core.shell.bat': Not used on non-Windows systems
[0.260s] INFO:colcon.colcon_core.shell:Skip shell extension 'powershell' for command environment: Not usable outside of PowerShell
[0.260s] DEBUG:colcon.colcon_core.shell:Skip shell extension 'dsv' for command environment
[0.267s] DEBUG:colcon.colcon_core.event_handler.log_command:Invoking command in '/home/itzelh/puzzlebot_JuanMa_ws/build/puzzlebot_navigation2': CMAKE_PREFIX_PATH=/home/itzelh/puzzlebot_JuanMa_ws/install/puzzlebot_gazebo:/home/itzelh/puzzlebot_JuanMa_ws/install/puzzlebot_description:/home/itzelh/puzzlebot_JuanMa_ws/install/sllidar_ros2:/home/itzelh/puzzlebot_JuanMa_ws/install/puzzlebot_navigation2:/home/itzelh/puzzlebot_JuanMa_ws/install/puzzlebot_real_robot:/home/itzelh/ros2_ws/install/mobile_robotics:/opt/ros/humble /usr/bin/cmake --build /home/itzelh/puzzlebot_JuanMa_ws/build/puzzlebot_navigation2 -- -j12 -l12
[0.293s] DEBUG:colcon.colcon_core.event_handler.log_command:Invoked command in '/home/itzelh/puzzlebot_JuanMa_ws/build/puzzlebot_navigation2' returned '0': CMAKE_PREFIX_PATH=/home/itzelh/puzzlebot_JuanMa_ws/install/puzzlebot_gazebo:/home/itzelh/puzzlebot_JuanMa_ws/install/puzzlebot_description:/home/itzelh/puzzlebot_JuanMa_ws/install/sllidar_ros2:/home/itzelh/puzzlebot_JuanMa_ws/install/puzzlebot_navigation2:/home/itzelh/puzzlebot_JuanMa_ws/install/puzzlebot_real_robot:/home/itzelh/ros2_ws/install/mobile_robotics:/opt/ros/humble /usr/bin/cmake --build /home/itzelh/puzzlebot_JuanMa_ws/build/puzzlebot_navigation2 -- -j12 -l12
[0.303s] DEBUG:colcon.colcon_core.event_handler.log_command:Invoking command in '/home/itzelh/puzzlebot_JuanMa_ws/build/puzzlebot_navigation2': CMAKE_PREFIX_PATH=/home/itzelh/puzzlebot_JuanMa_ws/install/puzzlebot_gazebo:/home/itzelh/puzzlebot_JuanMa_ws/install/puzzlebot_description:/home/itzelh/puzzlebot_JuanMa_ws/install/sllidar_ros2:/home/itzelh/puzzlebot_JuanMa_ws/install/puzzlebot_navigation2:/home/itzelh/puzzlebot_JuanMa_ws/install/puzzlebot_real_robot:/home/itzelh/ros2_ws/install/mobile_robotics:/opt/ros/humble /usr/bin/cmake --install /home/itzelh/puzzlebot_JuanMa_ws/build/puzzlebot_navigation2
[0.319s] Level 1:colcon.colcon_core.environment:create_environment_scripts_only(puzzlebot_navigation2)
[0.319s] DEBUG:colcon.colcon_core.event_handler.log_command:Invoked command in '/home/itzelh/puzzlebot_JuanMa_ws/build/puzzlebot_navigation2' returned '0': CMAKE_PREFIX_PATH=/home/itzelh/puzzlebot_JuanMa_ws/install/puzzlebot_gazebo:/home/itzelh/puzzlebot_JuanMa_ws/install/puzzlebot_description:/home/itzelh/puzzlebot_JuanMa_ws/install/sllidar_ros2:/home/itzelh/puzzlebot_JuanMa_ws/install/puzzlebot_navigation2:/home/itzelh/puzzlebot_JuanMa_ws/install/puzzlebot_real_robot:/home/itzelh/ros2_ws/install/mobile_robotics:/opt/ros/humble /usr/bin/cmake --install /home/itzelh/puzzlebot_JuanMa_ws/build/puzzlebot_navigation2
[0.320s] Level 1:colcon.colcon_core.environment:checking '/home/itzelh/puzzlebot_JuanMa_ws/install/puzzlebot_navigation2' for CMake module files
[0.321s] Level 1:colcon.colcon_core.environment:checking '/home/itzelh/puzzlebot_JuanMa_ws/install/puzzlebot_navigation2' for CMake config files
[0.321s] Level 1:colcon.colcon_core.shell:create_environment_hook('puzzlebot_navigation2', 'cmake_prefix_path')
[0.321s] INFO:colcon.colcon_core.shell:Creating environment hook '/home/itzelh/puzzlebot_JuanMa_ws/install/puzzlebot_navigation2/share/puzzlebot_navigation2/hook/cmake_prefix_path.ps1'
[0.321s] INFO:colcon.colcon_core.shell:Creating environment descriptor '/home/itzelh/puzzlebot_JuanMa_ws/install/puzzlebot_navigation2/share/puzzlebot_navigation2/hook/cmake_prefix_path.dsv'
[0.322s] INFO:colcon.colcon_core.shell:Creating environment hook '/home/itzelh/puzzlebot_JuanMa_ws/install/puzzlebot_navigation2/share/puzzlebot_navigation2/hook/cmake_prefix_path.sh'
[0.322s] Level 1:colcon.colcon_core.environment:checking '/home/itzelh/puzzlebot_JuanMa_ws/install/puzzlebot_navigation2/bin'
[0.322s] Level 1:colcon.colcon_core.environment:checking '/home/itzelh/puzzlebot_JuanMa_ws/install/puzzlebot_navigation2/lib/pkgconfig/puzzlebot_navigation2.pc'
[0.322s] Level 1:colcon.colcon_core.environment:checking '/home/itzelh/puzzlebot_JuanMa_ws/install/puzzlebot_navigation2/lib/python3.10/site-packages'
[0.323s] Level 1:colcon.colcon_core.environment:checking '/home/itzelh/puzzlebot_JuanMa_ws/install/puzzlebot_navigation2/bin'
[0.323s] INFO:colcon.colcon_core.shell:Creating package script '/home/itzelh/puzzlebot_JuanMa_ws/install/puzzlebot_navigation2/share/puzzlebot_navigation2/package.ps1'
[0.323s] INFO:colcon.colcon_core.shell:Creating package descriptor '/home/itzelh/puzzlebot_JuanMa_ws/install/puzzlebot_navigation2/share/puzzlebot_navigation2/package.dsv'
[0.324s] INFO:colcon.colcon_core.shell:Creating package script '/home/itzelh/puzzlebot_JuanMa_ws/install/puzzlebot_navigation2/share/puzzlebot_navigation2/package.sh'
[0.324s] INFO:colcon.colcon_core.shell:Creating package script '/home/itzelh/puzzlebot_JuanMa_ws/install/puzzlebot_navigation2/share/puzzlebot_navigation2/package.bash'
[0.325s] INFO:colcon.colcon_core.shell:Creating package script '/home/itzelh/puzzlebot_JuanMa_ws/install/puzzlebot_navigation2/share/puzzlebot_navigation2/package.zsh'
[0.325s] Level 1:colcon.colcon_core.environment:create_file_with_runtime_dependencies(/home/itzelh/puzzlebot_JuanMa_ws/install/puzzlebot_navigation2/share/colcon-core/packages/puzzlebot_navigation2)
[0.325s] Level 1:colcon.colcon_core.environment:create_environment_scripts_only(puzzlebot_navigation2)
[0.326s] Level 1:colcon.colcon_core.environment:checking '/home/itzelh/puzzlebot_JuanMa_ws/install/puzzlebot_navigation2' for CMake module files
[0.326s] Level 1:colcon.colcon_core.environment:checking '/home/itzelh/puzzlebot_JuanMa_ws/install/puzzlebot_navigation2' for CMake config files
[0.326s] Level 1:colcon.colcon_core.shell:create_environment_hook('puzzlebot_navigation2', 'cmake_prefix_path')
[0.326s] INFO:colcon.colcon_core.shell:Creating environment hook '/home/itzelh/puzzlebot_JuanMa_ws/install/puzzlebot_navigation2/share/puzzlebot_navigation2/hook/cmake_prefix_path.ps1'
[0.326s] INFO:colcon.colcon_core.shell:Creating environment descriptor '/home/itzelh/puzzlebot_JuanMa_ws/install/puzzlebot_navigation2/share/puzzlebot_navigation2/hook/cmake_prefix_path.dsv'
[0.327s] INFO:colcon.colcon_core.shell:Creating environment hook '/home/itzelh/puzzlebot_JuanMa_ws/install/puzzlebot_navigation2/share/puzzlebot_navigation2/hook/cmake_prefix_path.sh'
[0.327s] Level 1:colcon.colcon_core.environment:checking '/home/itzelh/puzzlebot_JuanMa_ws/install/puzzlebot_navigation2/bin'
[0.327s] Level 1:colcon.colcon_core.environment:checking '/home/itzelh/puzzlebot_JuanMa_ws/install/puzzlebot_navigation2/lib/pkgconfig/puzzlebot_navigation2.pc'
[0.327s] Level 1:colcon.colcon_core.environment:checking '/home/itzelh/puzzlebot_JuanMa_ws/install/puzzlebot_navigation2/lib/python3.10/site-packages'
[0.327s] Level 1:colcon.colcon_core.environment:checking '/home/itzelh/puzzlebot_JuanMa_ws/install/puzzlebot_navigation2/bin'
[0.328s] INFO:colcon.colcon_core.shell:Creating package script '/home/itzelh/puzzlebot_JuanMa_ws/install/puzzlebot_navigation2/share/puzzlebot_navigation2/package.ps1'
[0.328s] INFO:colcon.colcon_core.shell:Creating package descriptor '/home/itzelh/puzzlebot_JuanMa_ws/install/puzzlebot_navigation2/share/puzzlebot_navigation2/package.dsv'
[0.328s] INFO:colcon.colcon_core.shell:Creating package script '/home/itzelh/puzzlebot_JuanMa_ws/install/puzzlebot_navigation2/share/puzzlebot_navigation2/package.sh'
[0.328s] INFO:colcon.colcon_core.shell:Creating package script '/home/itzelh/puzzlebot_JuanMa_ws/install/puzzlebot_navigation2/share/puzzlebot_navigation2/package.bash'
[0.329s] INFO:colcon.colcon_core.shell:Creating package script '/home/itzelh/puzzlebot_JuanMa_ws/install/puzzlebot_navigation2/share/puzzlebot_navigation2/package.zsh'
[0.329s] Level 1:colcon.colcon_core.environment:create_file_with_runtime_dependencies(/home/itzelh/puzzlebot_JuanMa_ws/install/puzzlebot_navigation2/share/colcon-core/packages/puzzlebot_navigation2)
[0.329s] DEBUG:colcon.colcon_parallel_executor.executor.parallel:closing loop
[0.329s] DEBUG:colcon.colcon_parallel_executor.executor.parallel:loop closed
[0.329s] DEBUG:colcon.colcon_parallel_executor.executor.parallel:run_until_complete finished with '0'
[0.329s] DEBUG:colcon.colcon_core.event_reactor:joining thread
[0.333s] INFO:colcon.colcon_core.plugin_system:Skipping extension 'colcon_notification.desktop_notification.terminal_notifier': Not used on non-Darwin systems
[0.333s] INFO:colcon.colcon_core.plugin_system:Skipping extension 'colcon_notification.desktop_notification.win32': Not used on non-Windows systems
[0.333s] INFO:colcon.colcon_notification.desktop_notification:Sending desktop notification using 'notify2'
[0.340s] DEBUG:colcon.colcon_core.event_reactor:joined thread
[0.340s] INFO:colcon.colcon_core.shell:Creating prefix script '/home/itzelh/puzzlebot_JuanMa_ws/install/local_setup.ps1'
[0.341s] INFO:colcon.colcon_core.shell:Creating prefix util module '/home/itzelh/puzzlebot_JuanMa_ws/install/_local_setup_util_ps1.py'
[0.342s] INFO:colcon.colcon_core.shell:Creating prefix chain script '/home/itzelh/puzzlebot_JuanMa_ws/install/setup.ps1'
[0.343s] INFO:colcon.colcon_core.shell:Creating prefix script '/home/itzelh/puzzlebot_JuanMa_ws/install/local_setup.sh'
[0.343s] INFO:colcon.colcon_core.shell:Creating prefix util module '/home/itzelh/puzzlebot_JuanMa_ws/install/_local_setup_util_sh.py'
[0.344s] INFO:colcon.colcon_core.shell:Creating prefix chain script '/home/itzelh/puzzlebot_JuanMa_ws/install/setup.sh'
[0.344s] INFO:colcon.colcon_core.shell:Creating prefix script '/home/itzelh/puzzlebot_JuanMa_ws/install/local_setup.bash'
[0.345s] INFO:colcon.colcon_core.shell:Creating prefix chain script '/home/itzelh/puzzlebot_JuanMa_ws/install/setup.bash'
[0.345s] INFO:colcon.colcon_core.shell:Creating prefix script '/home/itzelh/puzzlebot_JuanMa_ws/install/local_setup.zsh'
[0.346s] INFO:colcon.colcon_core.shell:Creating prefix chain script '/home/itzelh/puzzlebot_JuanMa_ws/install/setup.zsh'
