-- The C compiler identification is GNU 11.4.0
-- The CXX compiler identification is GNU 11.4.0
-- Detecting C compiler ABI info
-- Detecting C compiler ABI info - done
-- Check for working C compiler: /usr/bin/cc - skipped
-- Detecting C compile features
-- Detecting C compile features - done
-- Detecting CXX compiler ABI info
-- Detecting CXX compiler ABI info - done
-- Check for working CXX compiler: /usr/bin/c++ - skipped
-- Detecting CXX compile features
-- Detecting CXX compile features - done
-- Found ament_cmake: 1.3.14 (/opt/ros/humble/share/ament_cmake/cmake)
-- Found Python3: /usr/bin/python3 (found version "3.10.12") found components: Interpreter 
-- Override CMake install command with custom implementation using symlinks instead of copying resources
-- Configuring done
-- Generating done
-- Build files have been written to: /home/itzelh/puzzlebot_JuanMa_ws/build/puzzlebot_gazebo
-- Install configuration: ""
-- Execute custom install script
-- Symlinking: /home/itzelh/puzzlebot_JuanMa_ws/install/puzzlebot_gazebo/share/puzzlebot_gazebo/launch/puzzlebot_gazebo.launch.xml
-- Symlinking: /home/itzelh/puzzlebot_JuanMa_ws/install/puzzlebot_gazebo/share/puzzlebot_gazebo/config/gazebo_bridge.yaml
-- Symlinking: /home/itzelh/puzzlebot_JuanMa_ws/install/puzzlebot_gazebo/share/puzzlebot_gazebo/worlds/maze.world
-- Symlinking: /home/itzelh/puzzlebot_JuanMa_ws/install/puzzlebot_gazebo/share/ament_index/resource_index/package_run_dependencies/puzzlebot_gazebo
-- Symlinking: /home/itzelh/puzzlebot_JuanMa_ws/install/puzzlebot_gazebo/share/ament_index/resource_index/parent_prefix_path/puzzlebot_gazebo
-- Symlinking: /home/itzelh/puzzlebot_JuanMa_ws/install/puzzlebot_gazebo/share/puzzlebot_gazebo/environment/ament_prefix_path.sh
-- Symlinking: /home/itzelh/puzzlebot_JuanMa_ws/install/puzzlebot_gazebo/share/puzzlebot_gazebo/environment/ament_prefix_path.dsv
-- Symlinking: /home/itzelh/puzzlebot_JuanMa_ws/install/puzzlebot_gazebo/share/puzzlebot_gazebo/environment/path.sh
-- Symlinking: /home/itzelh/puzzlebot_JuanMa_ws/install/puzzlebot_gazebo/share/puzzlebot_gazebo/environment/path.dsv
-- Symlinking: /home/itzelh/puzzlebot_JuanMa_ws/install/puzzlebot_gazebo/share/puzzlebot_gazebo/local_setup.bash
-- Symlinking: /home/itzelh/puzzlebot_JuanMa_ws/install/puzzlebot_gazebo/share/puzzlebot_gazebo/local_setup.sh
-- Symlinking: /home/itzelh/puzzlebot_JuanMa_ws/install/puzzlebot_gazebo/share/puzzlebot_gazebo/local_setup.zsh
-- Symlinking: /home/itzelh/puzzlebot_JuanMa_ws/install/puzzlebot_gazebo/share/puzzlebot_gazebo/local_setup.dsv
-- Symlinking: /home/itzelh/puzzlebot_JuanMa_ws/install/puzzlebot_gazebo/share/puzzlebot_gazebo/package.dsv
-- Symlinking: /home/itzelh/puzzlebot_JuanMa_ws/install/puzzlebot_gazebo/share/ament_index/resource_index/packages/puzzlebot_gazebo
-- Symlinking: /home/itzelh/puzzlebot_JuanMa_ws/install/puzzlebot_gazebo/share/puzzlebot_gazebo/cmake/puzzlebot_gazeboConfig.cmake
-- Symlinking: /home/itzelh/puzzlebot_JuanMa_ws/install/puzzlebot_gazebo/share/puzzlebot_gazebo/cmake/puzzlebot_gazeboConfig-version.cmake
-- Symlinking: /home/itzelh/puzzlebot_JuanMa_ws/install/puzzlebot_gazebo/share/puzzlebot_gazebo/package.xml
