[0.005s] Invoking command in '/home/itzelh/puzzlebot_JuanMa_ws/build/puzzlebot_gazebo': CMAKE_PREFIX_PATH=/home/itzelh/puzzlebot_JuanMa_ws/install/puzzlebot_description:/home/itzelh/puzzlebot_JuanMa_ws/install/sllidar_ros2:/home/itzelh/puzzlebot_JuanMa_ws/install/puzzlebot_navigation2:/home/itzelh/puzzlebot_JuanMa_ws/install/puzzlebot_gazebo:/home/itzelh/puzzlebot_JuanMa_ws/install/puzzlebot_real_robot:/home/itzelh/ros2_ws/install/mobile_robotics:/opt/ros/humble /usr/bin/cmake /home/itzelh/puzzlebot_JuanMa_ws/src/puzzlebot_gazebo -DAMENT_CMAKE_SYMLINK_INSTALL=1 -DCMAKE_INSTALL_PREFIX=/home/itzelh/puzzlebot_JuanMa_ws/install/puzzlebot_gazebo
[0.041s] -- The C compiler identification is GNU 11.4.0
[0.075s] -- The CXX compiler identification is GNU 11.4.0
[0.080s] -- Detecting C compiler ABI info
[0.124s] -- Detecting C compiler ABI info - done
[0.130s] -- Check for working C compiler: /usr/bin/cc - skipped
[0.130s] -- Detecting C compile features
[0.130s] -- Detecting C compile features - done
[0.132s] -- Detecting CXX compiler ABI info
[0.184s] -- Detecting CXX compiler ABI info - done
[0.188s] -- Check for working CXX compiler: /usr/bin/c++ - skipped
[0.189s] -- Detecting CXX compile features
[0.189s] -- Detecting CXX compile features - done
[0.191s] -- Found ament_cmake: 1.3.14 (/opt/ros/humble/share/ament_cmake/cmake)
[0.288s] -- Found Python3: /usr/bin/python3 (found version "3.10.12") found components: Interpreter 
[0.327s] -- Override CMake install command with custom implementation using symlinks instead of copying resources
[0.387s] -- Configuring done
[0.388s] -- Generating done
[0.389s] -- Build files have been written to: /home/itzelh/puzzlebot_JuanMa_ws/build/puzzlebot_gazebo
[0.392s] Invoked command in '/home/itzelh/puzzlebot_JuanMa_ws/build/puzzlebot_gazebo' returned '0': CMAKE_PREFIX_PATH=/home/itzelh/puzzlebot_JuanMa_ws/install/puzzlebot_description:/home/itzelh/puzzlebot_JuanMa_ws/install/sllidar_ros2:/home/itzelh/puzzlebot_JuanMa_ws/install/puzzlebot_navigation2:/home/itzelh/puzzlebot_JuanMa_ws/install/puzzlebot_gazebo:/home/itzelh/puzzlebot_JuanMa_ws/install/puzzlebot_real_robot:/home/itzelh/ros2_ws/install/mobile_robotics:/opt/ros/humble /usr/bin/cmake /home/itzelh/puzzlebot_JuanMa_ws/src/puzzlebot_gazebo -DAMENT_CMAKE_SYMLINK_INSTALL=1 -DCMAKE_INSTALL_PREFIX=/home/itzelh/puzzlebot_JuanMa_ws/install/puzzlebot_gazebo
[0.393s] Invoking command in '/home/itzelh/puzzlebot_JuanMa_ws/build/puzzlebot_gazebo': CMAKE_PREFIX_PATH=/home/itzelh/puzzlebot_JuanMa_ws/install/puzzlebot_description:/home/itzelh/puzzlebot_JuanMa_ws/install/sllidar_ros2:/home/itzelh/puzzlebot_JuanMa_ws/install/puzzlebot_navigation2:/home/itzelh/puzzlebot_JuanMa_ws/install/puzzlebot_gazebo:/home/itzelh/puzzlebot_JuanMa_ws/install/puzzlebot_real_robot:/home/itzelh/ros2_ws/install/mobile_robotics:/opt/ros/humble /usr/bin/cmake --build /home/itzelh/puzzlebot_JuanMa_ws/build/puzzlebot_gazebo -- -j12 -l12
[0.418s] Invoked command in '/home/itzelh/puzzlebot_JuanMa_ws/build/puzzlebot_gazebo' returned '0': CMAKE_PREFIX_PATH=/home/itzelh/puzzlebot_JuanMa_ws/install/puzzlebot_description:/home/itzelh/puzzlebot_JuanMa_ws/install/sllidar_ros2:/home/itzelh/puzzlebot_JuanMa_ws/install/puzzlebot_navigation2:/home/itzelh/puzzlebot_JuanMa_ws/install/puzzlebot_gazebo:/home/itzelh/puzzlebot_JuanMa_ws/install/puzzlebot_real_robot:/home/itzelh/ros2_ws/install/mobile_robotics:/opt/ros/humble /usr/bin/cmake --build /home/itzelh/puzzlebot_JuanMa_ws/build/puzzlebot_gazebo -- -j12 -l12
[0.420s] Invoking command in '/home/itzelh/puzzlebot_JuanMa_ws/build/puzzlebot_gazebo': CMAKE_PREFIX_PATH=/home/itzelh/puzzlebot_JuanMa_ws/install/puzzlebot_description:/home/itzelh/puzzlebot_JuanMa_ws/install/sllidar_ros2:/home/itzelh/puzzlebot_JuanMa_ws/install/puzzlebot_navigation2:/home/itzelh/puzzlebot_JuanMa_ws/install/puzzlebot_gazebo:/home/itzelh/puzzlebot_JuanMa_ws/install/puzzlebot_real_robot:/home/itzelh/ros2_ws/install/mobile_robotics:/opt/ros/humble /usr/bin/cmake --install /home/itzelh/puzzlebot_JuanMa_ws/build/puzzlebot_gazebo
[0.427s] -- Install configuration: ""
[0.428s] -- Execute custom install script
[0.428s] -- Symlinking: /home/itzelh/puzzlebot_JuanMa_ws/install/puzzlebot_gazebo/share/puzzlebot_gazebo/launch/puzzlebot_gazebo.launch.xml
[0.435s] -- Symlinking: /home/itzelh/puzzlebot_JuanMa_ws/install/puzzlebot_gazebo/share/puzzlebot_gazebo/config/gazebo_bridge.yaml
[0.443s] -- Symlinking: /home/itzelh/puzzlebot_JuanMa_ws/install/puzzlebot_gazebo/share/puzzlebot_gazebo/worlds/maze.world
[0.454s] -- Symlinking: /home/itzelh/puzzlebot_JuanMa_ws/install/puzzlebot_gazebo/share/ament_index/resource_index/package_run_dependencies/puzzlebot_gazebo
[0.462s] -- Symlinking: /home/itzelh/puzzlebot_JuanMa_ws/install/puzzlebot_gazebo/share/ament_index/resource_index/parent_prefix_path/puzzlebot_gazebo
[0.468s] -- Symlinking: /home/itzelh/puzzlebot_JuanMa_ws/install/puzzlebot_gazebo/share/puzzlebot_gazebo/environment/ament_prefix_path.sh
[0.473s] -- Symlinking: /home/itzelh/puzzlebot_JuanMa_ws/install/puzzlebot_gazebo/share/puzzlebot_gazebo/environment/ament_prefix_path.dsv
[0.478s] -- Symlinking: /home/itzelh/puzzlebot_JuanMa_ws/install/puzzlebot_gazebo/share/puzzlebot_gazebo/environment/path.sh
[0.484s] -- Symlinking: /home/itzelh/puzzlebot_JuanMa_ws/install/puzzlebot_gazebo/share/puzzlebot_gazebo/environment/path.dsv
[0.489s] -- Symlinking: /home/itzelh/puzzlebot_JuanMa_ws/install/puzzlebot_gazebo/share/puzzlebot_gazebo/local_setup.bash
[0.493s] -- Symlinking: /home/itzelh/puzzlebot_JuanMa_ws/install/puzzlebot_gazebo/share/puzzlebot_gazebo/local_setup.sh
[0.498s] -- Symlinking: /home/itzelh/puzzlebot_JuanMa_ws/install/puzzlebot_gazebo/share/puzzlebot_gazebo/local_setup.zsh
[0.503s] -- Symlinking: /home/itzelh/puzzlebot_JuanMa_ws/install/puzzlebot_gazebo/share/puzzlebot_gazebo/local_setup.dsv
[0.508s] -- Symlinking: /home/itzelh/puzzlebot_JuanMa_ws/install/puzzlebot_gazebo/share/puzzlebot_gazebo/package.dsv
[0.513s] -- Symlinking: /home/itzelh/puzzlebot_JuanMa_ws/install/puzzlebot_gazebo/share/ament_index/resource_index/packages/puzzlebot_gazebo
[0.518s] -- Symlinking: /home/itzelh/puzzlebot_JuanMa_ws/install/puzzlebot_gazebo/share/puzzlebot_gazebo/cmake/puzzlebot_gazeboConfig.cmake
[0.523s] -- Symlinking: /home/itzelh/puzzlebot_JuanMa_ws/install/puzzlebot_gazebo/share/puzzlebot_gazebo/cmake/puzzlebot_gazeboConfig-version.cmake
[0.529s] -- Symlinking: /home/itzelh/puzzlebot_JuanMa_ws/install/puzzlebot_gazebo/share/puzzlebot_gazebo/package.xml
[0.535s] Invoked command in '/home/itzelh/puzzlebot_JuanMa_ws/build/puzzlebot_gazebo' returned '0': CMAKE_PREFIX_PATH=/home/itzelh/puzzlebot_JuanMa_ws/install/puzzlebot_description:/home/itzelh/puzzlebot_JuanMa_ws/install/sllidar_ros2:/home/itzelh/puzzlebot_JuanMa_ws/install/puzzlebot_navigation2:/home/itzelh/puzzlebot_JuanMa_ws/install/puzzlebot_gazebo:/home/itzelh/puzzlebot_JuanMa_ws/install/puzzlebot_real_robot:/home/itzelh/ros2_ws/install/mobile_robotics:/opt/ros/humble /usr/bin/cmake --install /home/itzelh/puzzlebot_JuanMa_ws/build/puzzlebot_gazebo
