-- Install configuration: ""
-- Up-to-date: /home/itzelh/puzzlebot_JuanMa_ws/install/puzzlebot_description/share/puzzlebot_description/urdf
-- Installing: /home/itzelh/puzzlebot_JuanMa_ws/install/puzzlebot_description/share/puzzlebot_description/urdf/puzzlebot.xacro
-- Up-to-date: /home/itzelh/puzzlebot_JuanMa_ws/install/puzzlebot_description/share/puzzlebot_description/urdf/mcr2_misc
-- Installing: /home/itzelh/puzzlebot_JuanMa_ws/install/puzzlebot_description/share/puzzlebot_description/urdf/mcr2_misc/materials.xacro
-- Installing: /home/itzelh/puzzlebot_JuanMa_ws/install/puzzlebot_description/share/puzzlebot_description/urdf/mcr2_misc/macros.xacro
-- Installing: /home/itzelh/puzzlebot_JuanMa_ws/install/puzzlebot_description/share/puzzlebot_description/urdf/puzzlebot_jetson_lidar_base.urdf.xacro
-- Up-to-date: /home/itzelh/puzzlebot_JuanMa_ws/install/puzzlebot_description/share/puzzlebot_description/urdf/mcr2_control
-- Up-to-date: /home/itzelh/puzzlebot_JuanMa_ws/install/puzzlebot_description/share/puzzlebot_description/urdf/mcr2_robots
-- Installing: /home/itzelh/puzzlebot_JuanMa_ws/install/puzzlebot_description/share/puzzlebot_description/urdf/mcr2_robots/puzzlebot_jetson_lidar_ed.xacro
-- Up-to-date: /home/itzelh/puzzlebot_JuanMa_ws/install/puzzlebot_description/share/puzzlebot_description/urdf/mcr2_robots/jetson_lidar_ed
-- Installing: /home/itzelh/puzzlebot_JuanMa_ws/install/puzzlebot_description/share/puzzlebot_description/urdf/mcr2_robots/jetson_lidar_ed/parameters_jetson_lidar_ed.xacro
-- Up-to-date: /home/itzelh/puzzlebot_JuanMa_ws/install/puzzlebot_description/share/puzzlebot_description/urdf/mcr2_sensors
-- Installing: /home/itzelh/puzzlebot_JuanMa_ws/install/puzzlebot_description/share/puzzlebot_description/urdf/mcr2_sensors/laser_camera_bracket.xacro
-- Installing: /home/itzelh/puzzlebot_JuanMa_ws/install/puzzlebot_description/share/puzzlebot_description/urdf/mcr2_sensors/lidar.xacro
-- Up-to-date: /home/itzelh/puzzlebot_JuanMa_ws/install/puzzlebot_description/share/puzzlebot_description/rviz
-- Installing: /home/itzelh/puzzlebot_JuanMa_ws/install/puzzlebot_description/share/puzzlebot_description/rviz/puzzlebot_description.rviz
-- Up-to-date: /home/itzelh/puzzlebot_JuanMa_ws/install/puzzlebot_description/share/puzzlebot_description/meshes
-- Up-to-date: /home/itzelh/puzzlebot_JuanMa_ws/install/puzzlebot_description/share/puzzlebot_description/meshes/bases
-- Installing: /home/itzelh/puzzlebot_JuanMa_ws/install/puzzlebot_description/share/puzzlebot_description/meshes/bases/Puzzlebot_Jetson_Lidar_Edition_Base.stl
-- Up-to-date: /home/itzelh/puzzlebot_JuanMa_ws/install/puzzlebot_description/share/puzzlebot_description/meshes/sensors
-- Installing: /home/itzelh/puzzlebot_JuanMa_ws/install/puzzlebot_description/share/puzzlebot_description/meshes/sensors/Laser_Camera_Bracket.stl
-- Installing: /home/itzelh/puzzlebot_JuanMa_ws/install/puzzlebot_description/share/puzzlebot_description/meshes/sensors/RPLidar.stl
-- Up-to-date: /home/itzelh/puzzlebot_JuanMa_ws/install/puzzlebot_description/share/puzzlebot_description/meshes/wheels
-- Installing: /home/itzelh/puzzlebot_JuanMa_ws/install/puzzlebot_description/share/puzzlebot_description/meshes/wheels/Puzzlebot_Wheel.stl
-- Installing: /home/itzelh/puzzlebot_JuanMa_ws/install/puzzlebot_description/share/puzzlebot_description/meshes/wheels/Puzzlebot_Caster_Wheel.stl
-- Up-to-date: /home/itzelh/puzzlebot_JuanMa_ws/install/puzzlebot_description/share/puzzlebot_description/meshes/misc
-- Installing: /home/itzelh/puzzlebot_JuanMa_ws/install/puzzlebot_description/share/puzzlebot_description/meshes/misc/NVIDIA_Jetson.stl
-- Up-to-date: /home/itzelh/puzzlebot_JuanMa_ws/install/puzzlebot_description/share/puzzlebot_description/launch
-- Installing: /home/itzelh/puzzlebot_JuanMa_ws/install/puzzlebot_description/share/puzzlebot_description/launch/puzzlebot_description.launch.xml
-- Up-to-date: /home/itzelh/puzzlebot_JuanMa_ws/install/puzzlebot_description/share/ament_index/resource_index/package_run_dependencies/puzzlebot_description
-- Up-to-date: /home/itzelh/puzzlebot_JuanMa_ws/install/puzzlebot_description/share/ament_index/resource_index/parent_prefix_path/puzzlebot_description
-- Up-to-date: /home/itzelh/puzzlebot_JuanMa_ws/install/puzzlebot_description/share/puzzlebot_description/environment/ament_prefix_path.sh
-- Up-to-date: /home/itzelh/puzzlebot_JuanMa_ws/install/puzzlebot_description/share/puzzlebot_description/environment/ament_prefix_path.dsv
-- Up-to-date: /home/itzelh/puzzlebot_JuanMa_ws/install/puzzlebot_description/share/puzzlebot_description/environment/path.sh
-- Up-to-date: /home/itzelh/puzzlebot_JuanMa_ws/install/puzzlebot_description/share/puzzlebot_description/environment/path.dsv
-- Up-to-date: /home/itzelh/puzzlebot_JuanMa_ws/install/puzzlebot_description/share/puzzlebot_description/local_setup.bash
-- Up-to-date: /home/itzelh/puzzlebot_JuanMa_ws/install/puzzlebot_description/share/puzzlebot_description/local_setup.sh
-- Up-to-date: /home/itzelh/puzzlebot_JuanMa_ws/install/puzzlebot_description/share/puzzlebot_description/local_setup.zsh
-- Up-to-date: /home/itzelh/puzzlebot_JuanMa_ws/install/puzzlebot_description/share/puzzlebot_description/local_setup.dsv
-- Installing: /home/itzelh/puzzlebot_JuanMa_ws/install/puzzlebot_description/share/puzzlebot_description/package.dsv
-- Up-to-date: /home/itzelh/puzzlebot_JuanMa_ws/install/puzzlebot_description/share/ament_index/resource_index/packages/puzzlebot_description
-- Up-to-date: /home/itzelh/puzzlebot_JuanMa_ws/install/puzzlebot_description/share/puzzlebot_description/cmake/puzzlebot_descriptionConfig.cmake
-- Up-to-date: /home/itzelh/puzzlebot_JuanMa_ws/install/puzzlebot_description/share/puzzlebot_description/cmake/puzzlebot_descriptionConfig-version.cmake
-- Installing: /home/itzelh/puzzlebot_JuanMa_ws/install/puzzlebot_description/share/puzzlebot_description/package.xml
